Archive member included to satisfy reference by file (symbol)

app/libapp.a(main.c.obj)      (--whole-archive)
zephyr/libzephyr.a(cbprintf_packaged.c.obj)
                              (--whole-archive)
zephyr/libzephyr.a(dec.c.obj)
                              (--whole-archive)
zephyr/libzephyr.a(fdtable.c.obj)
                              (--whole-archive)
zephyr/libzephyr.a(hex.c.obj)
                              (--whole-archive)
zephyr/libzephyr.a(printk.c.obj)
                              (--whole-archive)
zephyr/libzephyr.a(rb.c.obj)  (--whole-archive)
zephyr/libzephyr.a(sem.c.obj)
                              (--whole-archive)
zephyr/libzephyr.a(thread_entry.c.obj)
                              (--whole-archive)
zephyr/libzephyr.a(timeutil.c.obj)
                              (--whole-archive)
zephyr/libzephyr.a(heap.c.obj)
                              (--whole-archive)
zephyr/libzephyr.a(heap-validate.c.obj)
                              (--whole-archive)
zephyr/libzephyr.a(bitarray.c.obj)
                              (--whole-archive)
zephyr/libzephyr.a(multi_heap.c.obj)
                              (--whole-archive)
zephyr/libzephyr.a(crc32c_sw.c.obj)
                              (--whole-archive)
zephyr/libzephyr.a(crc32_sw.c.obj)
                              (--whole-archive)
zephyr/libzephyr.a(crc16_sw.c.obj)
                              (--whole-archive)
zephyr/libzephyr.a(crc8_sw.c.obj)
                              (--whole-archive)
zephyr/libzephyr.a(crc7_sw.c.obj)
                              (--whole-archive)
zephyr/libzephyr.a(cbprintf_complete.c.obj)
                              (--whole-archive)
zephyr/libzephyr.a(cbprintf.c.obj)
                              (--whole-archive)
zephyr/libzephyr.a(assert.c.obj)
                              (--whole-archive)
zephyr/libzephyr.a(configs.c.obj)
                              (--whole-archive)
zephyr/libzephyr.a(soc_port.c.obj)
                              (--whole-archive)
zephyr/libzephyr.a(soc_samd2x.c.obj)
                              (--whole-archive)
zephyr/libzephyr.a(tracing_none.c.obj)
                              (--whole-archive)
zephyr/arch/common/libarch__common.a(sw_isr_common.c.obj)
                              (--whole-archive)
zephyr/arch/arch/arm/core/aarch32/libarch__arm__core__aarch32.a(cpu_idle.S.obj)
                              (--whole-archive)
zephyr/arch/arch/arm/core/aarch32/libarch__arm__core__aarch32.a(fatal.c.obj)
                              (--whole-archive)
zephyr/arch/arch/arm/core/aarch32/libarch__arm__core__aarch32.a(irq_manage.c.obj)
                              (--whole-archive)
zephyr/arch/arch/arm/core/aarch32/libarch__arm__core__aarch32.a(nmi.c.obj)
                              (--whole-archive)
zephyr/arch/arch/arm/core/aarch32/libarch__arm__core__aarch32.a(nmi_on_reset.S.obj)
                              (--whole-archive)
zephyr/arch/arch/arm/core/aarch32/libarch__arm__core__aarch32.a(prep_c.c.obj)
                              (--whole-archive)
zephyr/arch/arch/arm/core/aarch32/libarch__arm__core__aarch32.a(swap.c.obj)
                              (--whole-archive)
zephyr/arch/arch/arm/core/aarch32/libarch__arm__core__aarch32.a(swap_helper.S.obj)
                              (--whole-archive)
zephyr/arch/arch/arm/core/aarch32/libarch__arm__core__aarch32.a(thread.c.obj)
                              (--whole-archive)
zephyr/arch/arch/arm/core/aarch32/libarch__arm__core__aarch32.a(isr_wrapper.S.obj)
                              (--whole-archive)
zephyr/arch/arch/arm/core/aarch32/cortex_m/libarch__arm__core__aarch32__cortex_m.a(exc_exit.S.obj)
                              (--whole-archive)
zephyr/arch/arch/arm/core/aarch32/cortex_m/libarch__arm__core__aarch32__cortex_m.a(fault.c.obj)
                              (--whole-archive)
zephyr/arch/arch/arm/core/aarch32/cortex_m/libarch__arm__core__aarch32__cortex_m.a(fault_s.S.obj)
                              (--whole-archive)
zephyr/arch/arch/arm/core/aarch32/cortex_m/libarch__arm__core__aarch32__cortex_m.a(fpu.c.obj)
                              (--whole-archive)
zephyr/arch/arch/arm/core/aarch32/cortex_m/libarch__arm__core__aarch32__cortex_m.a(irq_init.c.obj)
                              (--whole-archive)
zephyr/arch/arch/arm/core/aarch32/cortex_m/libarch__arm__core__aarch32__cortex_m.a(reset.S.obj)
                              (--whole-archive)
zephyr/arch/arch/arm/core/aarch32/cortex_m/libarch__arm__core__aarch32__cortex_m.a(scb.c.obj)
                              (--whole-archive)
zephyr/arch/arch/arm/core/aarch32/cortex_m/libarch__arm__core__aarch32__cortex_m.a(thread_abort.c.obj)
                              (--whole-archive)
zephyr/arch/arch/arm/core/aarch32/cortex_m/libarch__arm__core__aarch32__cortex_m.a(vector_table.S.obj)
                              (--whole-archive)
zephyr/lib/libc/minimal/liblib__libc__minimal.a(abort.c.obj)
                              (--whole-archive)
[...]
Memory Configuration

Name             Origin             Length             Attributes
FLASH            0x0000000000000000 0x0000000000040000 xr
RAM              0x0000000020000000 0x0000000000008000 xw
IDT_LIST         0x00000000fffff7ff 0x0000000000000800 xw
*default*        0x0000000000000000 0xffffffffffffffff

Linker script and memory map

LOAD zephyr/CMakeFiles/zephyr_pre1.dir/misc/empty_file.c.obj
LOAD zephyr/CMakeFiles/zephyr_pre1.dir/dev_handles.c.obj
LOAD zephyr/CMakeFiles/offsets.dir/./arch/arm/core/offsets/offsets.c.obj
                0x0000000000000004                _region_min_align = 0x4

.rel.plt        0x0000000000000000        0x0
 *(SORT_BY_ALIGNMENT(.rel.plt))
                [!provide]                        PROVIDE (__rel_iplt_start = .)
 *(SORT_BY_ALIGNMENT(.rel.iplt))
 .rel.iplt      0x0000000000000000        0x0 app/libapp.a(main.c.obj)
                [!provide]                        PROVIDE (__rel_iplt_end = .)

.rela.plt       0x0000000000000000        0x0
 *(SORT_BY_ALIGNMENT(.rela.plt))
                [!provide]                        PROVIDE (__rela_iplt_start = .)
 *(SORT_BY_ALIGNMENT(.rela.iplt))
                [!provide]                        PROVIDE (__rela_iplt_end = .)

.rel.dyn
 *(SORT_BY_ALIGNMENT(.rel.*))

.rela.dyn
 *(SORT_BY_ALIGNMENT(.rela.*))

/DISCARD/
 *(SORT_BY_ALIGNMENT(.plt))

/DISCARD/
 *(SORT_BY_ALIGNMENT(.iplt))
                0x0000000000000000                __rom_region_start = 0x0

rom_start       0x0000000000000000       0xb0
                0x0000000000000000                . = 0x0
                0x0000000000000000                . = ALIGN (0x4)
                0x0000000000000000                . = ALIGN (0x100)
                0x0000000000000000                . = ALIGN (0x100)
                0x0000000000000000                _vector_start = .
 *(SORT_BY_ALIGNMENT(.exc_vector_table))
 *(SORT_BY_ALIGNMENT(.exc_vector_table.*))
 .exc_vector_table._vector_table_section
                0x0000000000000000       0x40 zephyr/arch/arch/arm/core/aarch32/cortex_m/libarch__arm__core__aarch32__cortex_m.a(vector_table.S.obj)
                0x0000000000000000                _vector_table
 *(SORT_BY_ALIGNMENT(.vectors))
                0x00000000000000b0                _vector_end = .
                0x0000000000000040                . = ALIGN (0x4)
 *(SORT_BY_ALIGNMENT(.gnu.linkonce.irq_vector_table*))
 .gnu.linkonce.irq_vector_table
                0x0000000000000040       0x70 zephyr/arch/common/libisr_tables.a(isr_tables.c.obj)
                0x0000000000000040                _irq_vector_table
                0x00000000000000b0                _vector_end = .

text            0x00000000000000b0     0x2860
                0x00000000000000b0                __text_region_start = .
 *(SORT_BY_ALIGNMENT(.text))
 .text          0x00000000000000b0       0x14 /home/ruben/zephyr-sdk-0.15.2/arm-zephyr-eabi/bin/../lib/gcc/arm-zephyr-eabi/12.1.0/thumb/v6-m/nofp/libgcc.a(_thumb1_case_uqi.o)
                0x00000000000000b0                __gnu_thumb1_case_uqi
 .text          0x00000000000000c4       0x14 /home/ruben/zephyr-sdk-0.15.2/arm-zephyr-eabi/bin/../lib/gcc/arm-zephyr-eabi/12.1.0/thumb/v6-m/nofp/libgcc.a(_thumb1_case_shi.o)
                0x00000000000000c4                __gnu_thumb1_case_shi
 .text          0x00000000000000d8       0x8c /home/ruben/zephyr-sdk-0.15.2/arm-zephyr-eabi/bin/../lib/gcc/arm-zephyr-eabi/12.1.0/thumb/v6-m/nofp/libgcc.a(_udivsi3.o)
                0x00000000000000d8                __udivsi3
                0x00000000000000d8                __aeabi_uidiv
                0x0000000000000150                __aeabi_uidivmod
 .text          0x0000000000000164        0x4 /home/ruben/zephyr-sdk-0.15.2/arm-zephyr-eabi/bin/../lib/gcc/arm-zephyr-eabi/12.1.0/thumb/v6-m/nofp/libgcc.a(_dvmd_tls.o)
                0x0000000000000164                __aeabi_ldiv0
                0x0000000000000164                __aeabi_idiv0
 .text          0x0000000000000168       0x3c /home/ruben/zephyr-sdk-0.15.2/arm-zephyr-eabi/bin/../lib/gcc/arm-zephyr-eabi/12.1.0/thumb/v6-m/nofp/libgcc.a(_clzsi2.o)
                0x0000000000000168                __clzsi2
 .text          0x00000000000001a4       0x40 /home/ruben/zephyr-sdk-0.15.2/arm-zephyr-eabi/bin/../lib/gcc/arm-zephyr-eabi/12.1.0/thumb/v6-m/nofp/libgcc.a(_aeabi_uldivmod.o)
                0x00000000000001a4                __aeabi_uldivmod
 .text          0x00000000000001e4       0x18 /home/ruben/zephyr-sdk-0.15.2/arm-zephyr-eabi/bin/../lib/gcc/arm-zephyr-eabi/12.1.0/thumb/v6-m/nofp/libgcc.a(_lshrdi3.o)
                0x00000000000001e4                __aeabi_llsr
                0x00000000000001e4                __lshrdi3
 .text          0x00000000000001fc       0x18 /home/ruben/zephyr-sdk-0.15.2/arm-zephyr-eabi/bin/../lib/gcc/arm-zephyr-eabi/12.1.0/thumb/v6-m/nofp/libgcc.a(_ashldi3.o)
                0x00000000000001fc                __ashldi3
                0x00000000000001fc                __aeabi_llsl
 .text          0x0000000000000214       0x18 /home/ruben/zephyr-sdk-0.15.2/arm-zephyr-eabi/bin/../lib/gcc/arm-zephyr-eabi/12.1.0/thumb/v6-m/nofp/libgcc.a(_clzdi2.o)
                0x0000000000000214                __clzdi2
 .text          0x000000000000022c       0x44 /home/ruben/zephyr-sdk-0.15.2/arm-zephyr-eabi/bin/../lib/gcc/arm-zephyr-eabi/12.1.0/thumb/v6-m/nofp/libgcc.a(_muldi3.o)
                0x000000000000022c                __aeabi_lmul
                0x000000000000022c                __muldi3
 .text          0x0000000000000270       0xde /home/ruben/zephyr-sdk-0.15.2/arm-zephyr-eabi/bin/../lib/gcc/arm-zephyr-eabi/12.1.0/thumb/v6-m/nofp/libgcc.a(_udivmoddi4.o)
                0x0000000000000270                __udivmoddi4
 *(SORT_BY_ALIGNMENT(.text.*))
 *fill*         0x000000000000034e        0x2 
 .text.main     0x0000000000000350       0x20 app/libapp.a(main.c.obj)
                0x0000000000000350                main
 .text.char_out
                0x0000000000000370       0x10 zephyr/libzephyr.a(printk.c.obj)
 .text.__printk_hook_install
                0x0000000000000380        0xc zephyr/libzephyr.a(printk.c.obj)
                0x0000000000000380                __printk_hook_install
 .text.vprintk  0x000000000000038c       0x18 zephyr/libzephyr.a(printk.c.obj)
                0x000000000000038c                vprintk
 .text.z_cbvprintf_impl
                0x00000000000003a4      0x728 zephyr/libzephyr.a(cbprintf_complete.c.obj)
                0x00000000000003a4                z_cbvprintf_impl
 .text.wait_gclk_synchronization
                0x0000000000000acc       0x10 zephyr/libzephyr.a(soc_samd2x.c.obj)
 .text.atmel_samd_init
                0x0000000000000adc      0x128 zephyr/libzephyr.a(soc_samd2x.c.obj)
 .text.z_arm_cpu_idle_init
                0x0000000000000c04        0xc zephyr/arch/arch/arm/core/aarch32/libarch__arm__core__aarch32.a(cpu_idle.S.obj)
                0x0000000000000c04                z_arm_cpu_idle_init
 .text.arch_cpu_idle
                0x0000000000000c10       0x10 zephyr/arch/arch/arm/core/aarch32/libarch__arm__core__aarch32.a(cpu_idle.S.obj)
                0x0000000000000c10                arch_cpu_idle
 .text.arch_irq_enable
                0x0000000000000c20       0x18 zephyr/arch/arch/arm/core/aarch32/libarch__arm__core__aarch32.a(irq_manage.c.obj)
                0x0000000000000c20                arch_irq_enable
 .text.z_arm_irq_priority_set
                0x0000000000000c38       0x54 zephyr/arch/arch/arm/core/aarch32/libarch__arm__core__aarch32.a(irq_manage.c.obj)
                0x0000000000000c38                z_arm_irq_priority_set
 .text.z_SysNmiOnReset
                0x0000000000000c8c        0x4 zephyr/arch/arch/arm/core/aarch32/libarch__arm__core__aarch32.a(nmi_on_reset.S.obj)
                0x0000000000000c8c                z_SysNmiOnReset
 .text.z_arm_prep_c
                0x0000000000000c90       0x2c zephyr/arch/arch/arm/core/aarch32/libarch__arm__core__aarch32.a(prep_c.c.obj)
                0x0000000000000c90                z_arm_prep_c
 .text.arch_swap
                0x0000000000000cbc       0x30 zephyr/arch/arch/arm/core/aarch32/libarch__arm__core__aarch32.a(swap.c.obj)
                0x0000000000000cbc                arch_swap
 .text.z_arm_pendsv
                0x0000000000000cec       0x60 zephyr/arch/arch/arm/core/aarch32/libarch__arm__core__aarch32.a(swap_helper.S.obj)
                0x0000000000000cec                z_arm_pendsv
 .text.z_arm_svc
                0x0000000000000d4c       0x24 zephyr/arch/arch/arm/core/aarch32/libarch__arm__core__aarch32.a(swap_helper.S.obj)
                0x0000000000000d4c                z_arm_svc
 .text.arch_new_thread
                0x0000000000000d70       0x2c zephyr/arch/arch/arm/core/aarch32/libarch__arm__core__aarch32.a(thread.c.obj)
                0x0000000000000d70                arch_new_thread
 .text.arch_switch_to_main_thread
                0x0000000000000d9c       0x20 zephyr/arch/arch/arm/core/aarch32/libarch__arm__core__aarch32.a(thread.c.obj)
                0x0000000000000d9c                arch_switch_to_main_thread
 .text._isr_wrapper
                0x0000000000000dbc       0x28 zephyr/arch/arch/arm/core/aarch32/libarch__arm__core__aarch32.a(isr_wrapper.S.obj)
                0x0000000000000dbc                _isr_wrapper
 .text._HandlerModeExit
                0x0000000000000de4       0x20 zephyr/arch/arch/arm/core/aarch32/cortex_m/libarch__arm__core__aarch32__cortex_m.a(exc_exit.S.obj)
                0x0000000000000de4                z_arm_exc_exit
                0x0000000000000de4                z_arm_int_exit
 .text.z_arm_fault
                0x0000000000000e04       0x7c zephyr/arch/arch/arm/core/aarch32/cortex_m/libarch__arm__core__aarch32__cortex_m.a(fault.c.obj)
                0x0000000000000e04                z_arm_fault
 .text.__fault  0x0000000000000e80       0x14 zephyr/arch/arch/arm/core/aarch32/cortex_m/libarch__arm__core__aarch32__cortex_m.a(fault_s.S.obj)
                0x0000000000000e80                z_arm_exc_spurious
                0x0000000000000e80                z_arm_hard_fault
 .text.z_arm_interrupt_init
                0x0000000000000e94       0x30 zephyr/arch/arch/arm/core/aarch32/cortex_m/libarch__arm__core__aarch32__cortex_m.a(irq_init.c.obj)
                0x0000000000000e94                z_arm_interrupt_init
 .text._reset_section
                0x0000000000000ec4       0x28 zephyr/arch/arch/arm/core/aarch32/cortex_m/libarch__arm__core__aarch32__cortex_m.a(reset.S.obj)
                0x0000000000000ec4                z_arm_reset
                0x0000000000000ec4                __start
 .text.z_impl_k_thread_abort
                0x0000000000000eec       0x38 zephyr/arch/arch/arm/core/aarch32/cortex_m/libarch__arm__core__aarch32__cortex_m.a(thread_abort.c.obj)
                0x0000000000000eec                z_impl_k_thread_abort
 .text.__stdout_hook_install
                0x0000000000000f24        0xc zephyr/lib/libc/minimal/liblib__libc__minimal.a(stdout_console.c.obj)
                0x0000000000000f24                __stdout_hook_install
 .text.wait_synchronization
                0x0000000000000f30       0x10 zephyr/drivers/interrupt_controller/libdrivers__interrupt_controller.a(intc_sam0_eic.c.obj)
 .text.sam0_eic_isr
                0x0000000000000f40       0x48 zephyr/drivers/interrupt_controller/libdrivers__interrupt_controller.a(intc_sam0_eic.c.obj)
 .text.sam0_eic_init
                0x0000000000000f88       0x44 zephyr/drivers/interrupt_controller/libdrivers__interrupt_controller.a(intc_sam0_eic.c.obj)
 .text.sam0_eic_check_ownership
                0x0000000000000fcc       0x2c zephyr/drivers/interrupt_controller/libdrivers__interrupt_controller.a(intc_sam0_eic.c.obj)
 .text.sam0_eic_acquire
                0x0000000000000ff8      0x108 zephyr/drivers/interrupt_controller/libdrivers__interrupt_controller.a(intc_sam0_eic.c.obj)
                0x0000000000000ff8                sam0_eic_acquire
 .text.sam0_eic_release
                0x0000000000001100       0x8c zephyr/drivers/interrupt_controller/libdrivers__interrupt_controller.a(intc_sam0_eic.c.obj)
                0x0000000000001100                sam0_eic_release
 .text.sam0_eic_enable_interrupt
                0x000000000000118c       0x38 zephyr/drivers/interrupt_controller/libdrivers__interrupt_controller.a(intc_sam0_eic.c.obj)
                0x000000000000118c                sam0_eic_enable_interrupt
 .text.sam0_eic_disable_interrupt
                0x00000000000011c4       0x38 zephyr/drivers/interrupt_controller/libdrivers__interrupt_controller.a(intc_sam0_eic.c.obj)
                0x00000000000011c4                sam0_eic_disable_interrupt
 .text.sam0_eic_interrupt_pending
                0x00000000000011fc       0x4c zephyr/drivers/interrupt_controller/libdrivers__interrupt_controller.a(intc_sam0_eic.c.obj)
                0x00000000000011fc                sam0_eic_interrupt_pending
 .text.uart_console_init
                0x0000000000001248       0x2c zephyr/drivers/console/libdrivers__console.a(uart_console.c.obj)
 .text.console_out
                0x0000000000001274       0x28 zephyr/drivers/console/libdrivers__console.a(uart_console.c.obj)
 .text.gpio_sam0_pin_interrupt_configure
                0x000000000000129c       0xf8 zephyr/drivers/gpio/libdrivers__gpio.a(gpio_sam0.c.obj)
 .text.uart_sam0_init
                0x0000000000001394       0xe8 zephyr/drivers/serial/libdrivers__serial.a(uart_sam0.c.obj)
 .text.uart_sam0_configure
                0x000000000000147c      0x120 zephyr/drivers/serial/libdrivers__serial.a(uart_sam0.c.obj)
 .text.elapsed  0x000000000000159c       0x38 zephyr/drivers/timer/libdrivers__timer.a(cortex_m_systick.c.obj)
 .text.sys_clock_driver_init
                0x00000000000015d4       0x3c zephyr/drivers/timer/libdrivers__timer.a(cortex_m_systick.c.obj)
 .text.sys_clock_isr
                0x0000000000001610       0x44 zephyr/drivers/timer/libdrivers__timer.a(cortex_m_systick.c.obj)
                0x0000000000001610                sys_clock_isr
 .text.sys_clock_set_timeout
                0x0000000000001654       0xf0 zephyr/drivers/timer/libdrivers__timer.a(cortex_m_systick.c.obj)
                0x0000000000001654                sys_clock_set_timeout
 .text.sys_clock_elapsed
                0x0000000000001744       0x34 zephyr/drivers/timer/libdrivers__timer.a(cortex_m_systick.c.obj)
                0x0000000000001744                sys_clock_elapsed
 .text.pinctrl_configure_pins
                0x0000000000001778       0x54 zephyr/drivers/pinctrl/libdrivers__pinctrl.a(pinctrl_sam0.c.obj)
                0x0000000000001778                pinctrl_configure_pins
 .text.z_sys_init_run_level
                0x00000000000017cc       0x4c zephyr/kernel/libkernel.a(init.c.obj)
 .text.bg_thread_main
                0x0000000000001818       0x34 zephyr/kernel/libkernel.a(init.c.obj)
 .text.z_bss_zero
                0x000000000000184c       0x18 zephyr/kernel/libkernel.a(init.c.obj)
                0x000000000000184c                z_bss_zero
 .text.z_init_cpu
                0x0000000000001864       0x68 zephyr/kernel/libkernel.a(init.c.obj)
                0x0000000000001864                z_init_cpu
 .text.z_cstart
                0x00000000000018cc       0xb0 zephyr/kernel/libkernel.a(init.c.obj)
                0x00000000000018cc                z_cstart
 .text.z_setup_new_thread
                0x000000000000197c       0x54 zephyr/kernel/libkernel.a(thread.c.obj)
                0x000000000000197c                z_setup_new_thread
 .text.z_init_static_threads
                0x00000000000019d0       0x90 zephyr/kernel/libkernel.a(thread.c.obj)
                0x00000000000019d0                z_init_static_threads
 .text.z_reset_time_slice
                0x0000000000001a60       0x28 zephyr/kernel/libkernel.a(sched.c.obj)
                0x0000000000001a60                z_reset_time_slice
 .text.update_cache
                0x0000000000001a88       0x44 zephyr/kernel/libkernel.a(sched.c.obj)
 .text.move_thread_to_end_of_prio_q
                0x0000000000001acc       0x78 zephyr/kernel/libkernel.a(sched.c.obj)
 .text.ready_thread
                0x0000000000001b44       0x6c zephyr/kernel/libkernel.a(sched.c.obj)
 .text.unready_thread
                0x0000000000001bb0       0x2c zephyr/kernel/libkernel.a(sched.c.obj)
 .text.k_sched_time_slice_set
                0x0000000000001bdc       0x44 zephyr/kernel/libkernel.a(sched.c.obj)
                0x0000000000001bdc                k_sched_time_slice_set
 .text.z_time_slice
                0x0000000000001c20       0x7c zephyr/kernel/libkernel.a(sched.c.obj)
                0x0000000000001c20                z_time_slice
 .text.z_reschedule
                0x0000000000001c9c       0x2c zephyr/kernel/libkernel.a(sched.c.obj)
                0x0000000000001c9c                z_reschedule
 .text.z_sched_start
                0x0000000000001cc8       0x34 zephyr/kernel/libkernel.a(sched.c.obj)
                0x0000000000001cc8                z_sched_start
 .text.z_impl_k_thread_suspend
                0x0000000000001cfc       0x58 zephyr/kernel/libkernel.a(sched.c.obj)
                0x0000000000001cfc                z_impl_k_thread_suspend
 .text.k_sched_lock
                0x0000000000001d54       0x20 zephyr/kernel/libkernel.a(sched.c.obj)
                0x0000000000001d54                k_sched_lock
 .text.k_sched_unlock
                0x0000000000001d74       0x2c zephyr/kernel/libkernel.a(sched.c.obj)
                0x0000000000001d74                k_sched_unlock
 .text.z_sched_init
                0x0000000000001da0       0x1c zephyr/kernel/libkernel.a(sched.c.obj)
                0x0000000000001da0                z_sched_init
 .text.z_impl_k_yield
                0x0000000000001dbc       0x78 zephyr/kernel/libkernel.a(sched.c.obj)
                0x0000000000001dbc                z_impl_k_yield
 .text.z_tick_sleep
                0x0000000000001e34       0x8c zephyr/kernel/libkernel.a(sched.c.obj)
 .text.z_impl_k_sleep
                0x0000000000001ec0       0x30 zephyr/kernel/libkernel.a(sched.c.obj)
                0x0000000000001ec0                z_impl_k_sleep
 .text.z_impl_z_current_get
                0x0000000000001ef0        0xc zephyr/kernel/libkernel.a(sched.c.obj)
                0x0000000000001ef0                z_impl_z_current_get
 .text.z_thread_abort
                0x0000000000001efc       0xb8 zephyr/kernel/libkernel.a(sched.c.obj)
                0x0000000000001efc                z_thread_abort
 .text.z_data_copy
                0x0000000000001fb4       0x34 zephyr/kernel/libkernel.a(xip.c.obj)
                0x0000000000001fb4                z_data_copy
 .text.elapsed  0x0000000000001fe8       0x18 zephyr/kernel/libkernel.a(timeout.c.obj)
 .text.next_timeout
                0x0000000000002000       0x58 zephyr/kernel/libkernel.a(timeout.c.obj)
 .text.remove_timeout
                0x0000000000002058       0x38 zephyr/kernel/libkernel.a(timeout.c.obj)
 .text.z_add_timeout
                0x0000000000002090       0xec zephyr/kernel/libkernel.a(timeout.c.obj)
                0x0000000000002090                z_add_timeout
 .text.sys_clock_announce
                0x000000000000217c       0xe0 zephyr/kernel/libkernel.a(timeout.c.obj)
                0x000000000000217c                sys_clock_announce
 .text.sys_clock_tick_get
                0x000000000000225c       0x2c zephyr/kernel/libkernel.a(timeout.c.obj)
                0x000000000000225c                sys_clock_tick_get
 .text.boot_banner
                0x0000000000002288       0x10 zephyr/kernel/libkernel.a(banner.c.obj)
                0x0000000000002288                boot_banner
 .text._OffsetAbsSyms
                0x0000000000002298        0x2 zephyr/CMakeFiles/offsets.dir/./arch/arm/core/offsets/offsets.c.obj
                0x0000000000002298                _OffsetAbsSyms
 .text.arch_printk_char_out
                0x000000000000229a        0x4 zephyr/libzephyr.a(printk.c.obj)
                0x000000000000229a                arch_printk_char_out
 .text.printk   0x000000000000229e       0x16 zephyr/libzephyr.a(printk.c.obj)
                0x000000000000229e                printk
 .text.z_thread_entry
                0x00000000000022b4       0x14 zephyr/libzephyr.a(thread_entry.c.obj)
                0x00000000000022b4                z_thread_entry
 .text.encode_uint
                0x00000000000022c8       0x9a zephyr/libzephyr.a(cbprintf_complete.c.obj)
 .text.outs     0x0000000000002362       0x2c zephyr/libzephyr.a(cbprintf_complete.c.obj)
 .text._ConfigAbsSyms
                0x000000000000238e        0x2 zephyr/libzephyr.a(configs.c.obj)
                0x000000000000238e                _ConfigAbsSyms
 .text.soc_port_pinmux_set
                0x0000000000002390       0x34 zephyr/libzephyr.a(soc_port.c.obj)
                0x0000000000002390                soc_port_pinmux_set
 .text.soc_port_configure
                0x00000000000023c4       0x6c zephyr/libzephyr.a(soc_port.c.obj)
                0x00000000000023c4                soc_port_configure
 .text.z_arm_fatal_error
                0x0000000000002430        0x8 zephyr/arch/arch/arm/core/aarch32/libarch__arm__core__aarch32.a(fatal.c.obj)
                0x0000000000002430                z_arm_fatal_error
 .text.z_do_kernel_oops
                0x0000000000002438        0xc zephyr/arch/arch/arm/core/aarch32/libarch__arm__core__aarch32.a(fatal.c.obj)
                0x0000000000002438                z_do_kernel_oops
 .text.z_irq_spurious
                0x0000000000002444        0xc zephyr/arch/arch/arm/core/aarch32/libarch__arm__core__aarch32.a(irq_manage.c.obj)
                0x0000000000002444                z_irq_spurious
 .text.z_arm_nmi
                0x0000000000002450        0xc zephyr/arch/arch/arm/core/aarch32/libarch__arm__core__aarch32.a(nmi.c.obj)
                0x0000000000002450                z_arm_nmi
 .text.z_arm_fault_init
                0x000000000000245c        0x2 zephyr/arch/arch/arm/core/aarch32/cortex_m/libarch__arm__core__aarch32__cortex_m.a(fault.c.obj)
                0x000000000000245c                z_arm_fault_init
 .text.strlen   0x000000000000245e       0x10 zephyr/lib/libc/minimal/liblib__libc__minimal.a(string.c.obj)
                0x000000000000245e                strlen
 .text.strnlen  0x000000000000246e       0x14 zephyr/lib/libc/minimal/liblib__libc__minimal.a(string.c.obj)
                0x000000000000246e                strnlen
 .text.memcpy   0x0000000000002482       0x12 zephyr/lib/libc/minimal/liblib__libc__minimal.a(string.c.obj)
                0x0000000000002482                memcpy
 .text.memset   0x0000000000002494       0x12 zephyr/lib/libc/minimal/liblib__libc__minimal.a(string.c.obj)
                0x0000000000002494                memset
 .text._stdout_hook_default
                0x00000000000024a6        0x6 zephyr/lib/libc/minimal/liblib__libc__minimal.a(stdout_console.c.obj)
 .text.gpio_sam0_config
                0x00000000000024ac       0x78 zephyr/drivers/gpio/libdrivers__gpio.a(gpio_sam0.c.obj)
 .text.gpio_sam0_port_get_raw
                0x0000000000002524        0xc zephyr/drivers/gpio/libdrivers__gpio.a(gpio_sam0.c.obj)
 .text.gpio_sam0_port_set_masked_raw
                0x0000000000002530       0x12 zephyr/drivers/gpio/libdrivers__gpio.a(gpio_sam0.c.obj)
 .text.gpio_sam0_port_set_bits_raw
                0x0000000000002542        0xa zephyr/drivers/gpio/libdrivers__gpio.a(gpio_sam0.c.obj)
 .text.gpio_sam0_port_clear_bits_raw
                0x000000000000254c        0xa zephyr/drivers/gpio/libdrivers__gpio.a(gpio_sam0.c.obj)
 .text.gpio_sam0_port_toggle_bits
                0x0000000000002556        0xa zephyr/drivers/gpio/libdrivers__gpio.a(gpio_sam0.c.obj)
 .text.gpio_sam0_manage_callback
                0x0000000000002560       0x58 zephyr/drivers/gpio/libdrivers__gpio.a(gpio_sam0.c.obj)
 .text.gpio_sam0_init
                0x00000000000025b8        0x4 zephyr/drivers/gpio/libdrivers__gpio.a(gpio_sam0.c.obj)
 .text.gpio_sam0_get_pending_int
                0x00000000000025bc        0xc zephyr/drivers/gpio/libdrivers__gpio.a(gpio_sam0.c.obj)
 .text.gpio_sam0_isr
                0x00000000000025c8       0x32 zephyr/drivers/gpio/libdrivers__gpio.a(gpio_sam0.c.obj)
 .text.wait_synchronization
                0x00000000000025fa        0xa zephyr/drivers/serial/libdrivers__serial.a(uart_sam0.c.obj)
 .text.uart_sam0_poll_in
                0x0000000000002604       0x18 zephyr/drivers/serial/libdrivers__serial.a(uart_sam0.c.obj)
 .text.uart_sam0_poll_out
                0x000000000000261c        0xe zephyr/drivers/serial/libdrivers__serial.a(uart_sam0.c.obj)
 .text.uart_sam0_err_check
                0x000000000000262a       0x32 zephyr/drivers/serial/libdrivers__serial.a(uart_sam0.c.obj)
 .text.uart_sam0_isr
                0x000000000000265c       0x10 zephyr/drivers/serial/libdrivers__serial.a(uart_sam0.c.obj)
 .text.uart_sam0_fifo_fill
                0x000000000000266c       0x1e zephyr/drivers/serial/libdrivers__serial.a(uart_sam0.c.obj)
 .text.uart_sam0_irq_tx_enable
                0x000000000000268a        0xa zephyr/drivers/serial/libdrivers__serial.a(uart_sam0.c.obj)
 .text.uart_sam0_irq_tx_disable
                0x0000000000002694        0xa zephyr/drivers/serial/libdrivers__serial.a(uart_sam0.c.obj)
 .text.uart_sam0_irq_tx_ready
                0x000000000000269e       0x14 zephyr/drivers/serial/libdrivers__serial.a(uart_sam0.c.obj)
 .text.uart_sam0_irq_tx_complete
                0x00000000000026b2       0x14 zephyr/drivers/serial/libdrivers__serial.a(uart_sam0.c.obj)
 .text.uart_sam0_irq_rx_enable
                0x00000000000026c6        0xa zephyr/drivers/serial/libdrivers__serial.a(uart_sam0.c.obj)
 .text.uart_sam0_irq_rx_disable
                0x00000000000026d0        0xa zephyr/drivers/serial/libdrivers__serial.a(uart_sam0.c.obj)
 .text.uart_sam0_irq_rx_ready
                0x00000000000026da        0xc zephyr/drivers/serial/libdrivers__serial.a(uart_sam0.c.obj)
 .text.uart_sam0_fifo_read
                0x00000000000026e6       0x22 zephyr/drivers/serial/libdrivers__serial.a(uart_sam0.c.obj)
 .text.uart_sam0_irq_is_pending
                0x0000000000002708       0x10 zephyr/drivers/serial/libdrivers__serial.a(uart_sam0.c.obj)
 .text.uart_sam0_irq_update
                0x0000000000002718        0xc zephyr/drivers/serial/libdrivers__serial.a(uart_sam0.c.obj)
 .text.uart_sam0_irq_callback_set
                0x0000000000002724        0x8 zephyr/drivers/serial/libdrivers__serial.a(uart_sam0.c.obj)
 .text.uart_sam0_config_get
                0x000000000000272c       0x12 zephyr/drivers/serial/libdrivers__serial.a(uart_sam0.c.obj)
 .text.uart_sam0_irq_config_0
                0x000000000000273e       0x14 zephyr/drivers/serial/libdrivers__serial.a(uart_sam0.c.obj)
 .text.uart_sam0_irq_config_1
                0x0000000000002752       0x14 zephyr/drivers/serial/libdrivers__serial.a(uart_sam0.c.obj)
 .text.uart_sam0_irq_config_2
                0x0000000000002766       0x14 zephyr/drivers/serial/libdrivers__serial.a(uart_sam0.c.obj)
 .text.pinctrl_lookup_state
                0x000000000000277a       0x26 zephyr/drivers/pinctrl/libdrivers__pinctrl.a(common.c.obj)
                0x000000000000277a                pinctrl_lookup_state
 .text.z_device_state_init
                0x00000000000027a0        0x2 zephyr/kernel/libkernel.a(device.c.obj)
                0x00000000000027a0                z_device_state_init
 .text.z_device_is_ready
                0x00000000000027a2       0x1a zephyr/kernel/libkernel.a(device.c.obj)
                0x00000000000027a2                z_device_is_ready
 .text.arch_system_halt
                0x00000000000027bc        0x8 zephyr/kernel/libkernel.a(fatal.c.obj)
                0x00000000000027bc                arch_system_halt
 .text.k_sys_fatal_error_handler
                0x00000000000027c4        0x6 zephyr/kernel/libkernel.a(fatal.c.obj)
                0x00000000000027c4                k_sys_fatal_error_handler
 .text.z_fatal_error
                0x00000000000027ca       0x2c zephyr/kernel/libkernel.a(fatal.c.obj)
                0x00000000000027ca                z_fatal_error
 .text.z_early_memset
                0x00000000000027f6        0x8 zephyr/kernel/libkernel.a(init.c.obj)
                0x00000000000027f6                z_early_memset
 .text.z_early_memcpy
                0x00000000000027fe        0x8 zephyr/kernel/libkernel.a(init.c.obj)
                0x00000000000027fe                z_early_memcpy
 .text.idle     0x0000000000002806        0xe zephyr/kernel/libkernel.a(idle.c.obj)
                0x0000000000002806                idle
 .text.sys_dlist_remove
                0x0000000000002814       0x10 zephyr/kernel/libkernel.a(sched.c.obj)
 .text.unpend_thread_no_timeout
                0x0000000000002824       0x16 zephyr/kernel/libkernel.a(sched.c.obj)
 .text.z_thread_timeout
                0x000000000000283a       0x38 zephyr/kernel/libkernel.a(sched.c.obj)
                0x000000000000283a                z_thread_timeout
 .text.z_ready_thread
                0x0000000000002872       0x18 zephyr/kernel/libkernel.a(sched.c.obj)
                0x0000000000002872                z_ready_thread
 .text.z_reschedule_irqlock
                0x000000000000288a       0x1c zephyr/kernel/libkernel.a(sched.c.obj)
                0x000000000000288a                z_reschedule_irqlock
 .text.z_reschedule_unlocked
                0x00000000000028a6        0xe zephyr/kernel/libkernel.a(sched.c.obj)
 .text.z_abort_timeout
                0x00000000000028b4       0x26 zephyr/kernel/libkernel.a(timeout.c.obj)
                0x00000000000028b4                z_abort_timeout
 .text.z_set_timeout_expiry
                0x00000000000028da       0x2e zephyr/kernel/libkernel.a(timeout.c.obj)
                0x00000000000028da                z_set_timeout_expiry
 .text.sys_clock_tick_get_32
                0x0000000000002908        0x8 zephyr/kernel/libkernel.a(timeout.c.obj)
                0x0000000000002908                sys_clock_tick_get_32
 *(SORT_BY_ALIGNMENT(.TEXT.*))
 *(SORT_BY_ALIGNMENT(.gnu.linkonce.t.*))
 *(SORT_BY_ALIGNMENT(.glue_7t))
 .glue_7t       0x0000000000002910        0x0 linker stubs
 *(SORT_BY_ALIGNMENT(.glue_7))
 .glue_7        0x0000000000002910        0x0 linker stubs
 *(SORT_BY_ALIGNMENT(.vfp11_veneer))
 .vfp11_veneer  0x0000000000002910        0x0 linker stubs
 *(SORT_BY_ALIGNMENT(.v4_bx))
 .v4_bx         0x0000000000002910        0x0 linker stubs
                0x0000000000002910                . = ALIGN (0x4)
                0x0000000000002910                __text_region_end = .

.ARM.exidx      0x0000000000002910        0x8
                0x0000000000002910                __exidx_start = .
 *(SORT_BY_ALIGNMENT(.ARM.exidx*) SORT_BY_ALIGNMENT(gnu.linkonce.armexidx.*))
 .ARM.exidx     0x0000000000002910        0x8 /home/ruben/zephyr-sdk-0.15.2/arm-zephyr-eabi/bin/../lib/gcc/arm-zephyr-eabi/12.1.0/thumb/v6-m/nofp/libgcc.a(_udivmoddi4.o)
                0x0000000000002918                __exidx_end = .
                0x0000000000002918                __rodata_region_start = .

initlevel       0x0000000000002918       0x48
                0x0000000000002918                __init_start = .
                0x0000000000002918                __init_EARLY_start = .
 *(SORT_BY_NAME(SORT_BY_ALIGNMENT(.z_init_EARLY[0-9]_*)))
 *(SORT_BY_NAME(SORT_BY_ALIGNMENT(.z_init_EARLY[1-9][0-9]_*)))
                0x0000000000002918                __init_PRE_KERNEL_1_start = .
 *(SORT_BY_NAME(SORT_BY_ALIGNMENT(.z_init_PRE_KERNEL_1[0-9]_*)))
 .z_init_PRE_KERNEL_10_
                0x0000000000002918        0x8 zephyr/libzephyr.a(soc_samd2x.c.obj)
 *(SORT_BY_NAME(SORT_BY_ALIGNMENT(.z_init_PRE_KERNEL_1[1-9][0-9]_*)))
 .z_init_PRE_KERNEL_140_
                0x0000000000002920        0x8 zephyr/drivers/interrupt_controller/libdrivers__interrupt_controller.a(intc_sam0_eic.c.obj)
 .z_init_PRE_KERNEL_140_
                0x0000000000002928       0x10 zephyr/drivers/gpio/libdrivers__gpio.a(gpio_sam0.c.obj)
 .z_init_PRE_KERNEL_155_
                0x0000000000002938       0x18 zephyr/drivers/serial/libdrivers__serial.a(uart_sam0.c.obj)
 .z_init_PRE_KERNEL_160_
                0x0000000000002950        0x8 zephyr/drivers/console/libdrivers__console.a(uart_console.c.obj)
                0x0000000000002958                __init_PRE_KERNEL_2_start = .
 *(SORT_BY_NAME(SORT_BY_ALIGNMENT(.z_init_PRE_KERNEL_2[0-9]_*)))
 .z_init_PRE_KERNEL_20_
                0x0000000000002958        0x8 zephyr/drivers/timer/libdrivers__timer.a(cortex_m_systick.c.obj)
 *(SORT_BY_NAME(SORT_BY_ALIGNMENT(.z_init_PRE_KERNEL_2[1-9][0-9]_*)))
                0x0000000000002960                __init_POST_KERNEL_start = .
 *(SORT_BY_NAME(SORT_BY_ALIGNMENT(.z_init_POST_KERNEL[0-9]_*)))
 *(SORT_BY_NAME(SORT_BY_ALIGNMENT(.z_init_POST_KERNEL[1-9][0-9]_*)))
                0x0000000000002960                __init_APPLICATION_start = .
 *(SORT_BY_NAME(SORT_BY_ALIGNMENT(.z_init_APPLICATION[0-9]_*)))
 *(SORT_BY_NAME(SORT_BY_ALIGNMENT(.z_init_APPLICATION[1-9][0-9]_*)))
                0x0000000000002960                __init_SMP_start = .
 *(SORT_BY_NAME(SORT_BY_ALIGNMENT(.z_init_SMP[0-9]_*)))
 *(SORT_BY_NAME(SORT_BY_ALIGNMENT(.z_init_SMP[1-9][0-9]_*)))
                0x0000000000002960                __init_end = .

devices         0x0000000000002960       0x90
                0x0000000000002960                __device_start = .
                0x0000000000002960                __device_EARLY_start = .
 *(SORT_BY_NAME(SORT_BY_ALIGNMENT(.z_device_EARLY[0-9]_*)))
 *(SORT_BY_NAME(SORT_BY_ALIGNMENT(.z_device_EARLY[1-9][0-9]_*)))
                0x0000000000002960                __device_PRE_KERNEL_1_start = .
 *(SORT_BY_NAME(SORT_BY_ALIGNMENT(.z_device_PRE_KERNEL_1[0-9]_*)))
 *(SORT_BY_NAME(SORT_BY_ALIGNMENT(.z_device_PRE_KERNEL_1[1-9][0-9]_*)))
 .z_device_PRE_KERNEL_140_
                0x0000000000002960       0x18 zephyr/drivers/interrupt_controller/libdrivers__interrupt_controller.a(intc_sam0_eic.c.obj)
                0x0000000000002960                __device_dts_ord_25
 .z_device_PRE_KERNEL_140_
                0x0000000000002978       0x30 zephyr/drivers/gpio/libdrivers__gpio.a(gpio_sam0.c.obj)
                0x0000000000002978                __device_dts_ord_13
                0x0000000000002990                __device_dts_ord_8
 .z_device_PRE_KERNEL_155_
                0x00000000000029a8       0x48 zephyr/drivers/serial/libdrivers__serial.a(uart_sam0.c.obj)
                0x00000000000029a8                __device_dts_ord_36
                0x00000000000029c0                __device_dts_ord_32
                0x00000000000029d8                __device_dts_ord_30
                0x00000000000029f0                __device_PRE_KERNEL_2_start = .
 *(SORT_BY_NAME(SORT_BY_ALIGNMENT(.z_device_PRE_KERNEL_2[0-9]_*)))
 *(SORT_BY_NAME(SORT_BY_ALIGNMENT(.z_device_PRE_KERNEL_2[1-9][0-9]_*)))
                0x00000000000029f0                __device_POST_KERNEL_start = .
 *(SORT_BY_NAME(SORT_BY_ALIGNMENT(.z_device_POST_KERNEL[0-9]_*)))
 *(SORT_BY_NAME(SORT_BY_ALIGNMENT(.z_device_POST_KERNEL[1-9][0-9]_*)))
                0x00000000000029f0                __device_APPLICATION_start = .
 *(SORT_BY_NAME(SORT_BY_ALIGNMENT(.z_device_APPLICATION[0-9]_*)))
 *(SORT_BY_NAME(SORT_BY_ALIGNMENT(.z_device_APPLICATION[1-9][0-9]_*)))
                0x00000000000029f0                __device_SMP_start = .
 *(SORT_BY_NAME(SORT_BY_ALIGNMENT(.z_device_SMP[0-9]_*)))
 *(SORT_BY_NAME(SORT_BY_ALIGNMENT(.z_device_SMP[1-9][0-9]_*)))
                0x00000000000029f0                __device_end = .

sw_isr_table    0x00000000000029f0       0xe0
                0x00000000000029f0                . = ALIGN (0x4)
 *(SORT_BY_ALIGNMENT(.gnu.linkonce.sw_isr_table*))
 .gnu.linkonce.sw_isr_table
                0x00000000000029f0       0xe0 zephyr/arch/common/libisr_tables.a(isr_tables.c.obj)
                0x00000000000029f0                _sw_isr_table

initlevel_error
                0x0000000000002918        0x0
 *(SORT_BY_NAME(SORT_BY_ALIGNMENT(.z_init_[_A-Z0-9]*)))
                0x0000000000000001                ASSERT ((SIZEOF (initlevel_error) == 0x0), Undefined initialization levels used.)

app_shmem_regions
                0x0000000000002ad0        0x0
                0x0000000000002ad0                __app_shmem_regions_start = .
 *(SORT_BY_NAME(SORT_BY_ALIGNMENT(.app_regions.*)))
                0x0000000000002ad0                __app_shmem_regions_end = .

k_p4wq_initparam_area
                0x0000000000002ad0        0x0
                0x0000000000002ad0                _k_p4wq_initparam_list_start = .
 *(SORT_BY_NAME(SORT_BY_ALIGNMENT(._k_p4wq_initparam.static.*)))
                0x0000000000002ad0                _k_p4wq_initparam_list_end = .

_static_thread_data_area
                0x0000000000002ad0        0x0
                0x0000000000002ad0                __static_thread_data_list_start = .
 *(SORT_BY_NAME(SORT_BY_ALIGNMENT(.__static_thread_data.static.*)))
                0x0000000000002ad0                __static_thread_data_list_end = .

device_handles  0x0000000000002ad0       0x24
                0x0000000000002ad0                __device_handles_start = .
 *(SORT_BY_NAME(SORT_BY_ALIGNMENT(.__device_handles_pass2*)))
 .__device_handles_pass2
                0x0000000000002ad0       0x24 zephyr/CMakeFiles/zephyr_pre1.dir/dev_handles.c.obj
                0x0000000000002ad0                __devicehdl_dts_ord_30
                0x0000000000002ad6                __devicehdl_dts_ord_32
                0x0000000000002adc                __devicehdl_dts_ord_36
                0x0000000000002ae2                __devicehdl_dts_ord_8
                0x0000000000002ae8                __devicehdl_dts_ord_13
                0x0000000000002aee                __devicehdl_dts_ord_25
                0x0000000000002af4                __device_handles_end = .

ztest           0x0000000000002af4        0x0
                0x0000000000002af4                _ztest_expected_result_entry_list_start = .
 *(SORT_BY_NAME(SORT_BY_ALIGNMENT(._ztest_expected_result_entry.static.*)))
                0x0000000000002af4                _ztest_expected_result_entry_list_end = .
                0x0000000000002af4                _ztest_suite_node_list_start = .
 *(SORT_BY_NAME(SORT_BY_ALIGNMENT(._ztest_suite_node.static.*)))
                0x0000000000002af4                _ztest_suite_node_list_end = .
                0x0000000000002af4                _ztest_unit_test_list_start = .
 *(SORT_BY_NAME(SORT_BY_ALIGNMENT(._ztest_unit_test.static.*)))
                0x0000000000002af4                _ztest_unit_test_list_end = .
                0x0000000000002af4                _ztest_test_rule_list_start = .
 *(SORT_BY_NAME(SORT_BY_ALIGNMENT(._ztest_test_rule.static.*)))
                0x0000000000002af4                _ztest_test_rule_list_end = .

bt_l2cap_fixed_chan_area
                0x0000000000002af4        0x0
                0x0000000000002af4                _bt_l2cap_fixed_chan_list_start = .
 *(SORT_BY_NAME(SORT_BY_ALIGNMENT(._bt_l2cap_fixed_chan.static.*)))
                0x0000000000002af4                _bt_l2cap_fixed_chan_list_end = .

bt_gatt_service_static_area
                0x0000000000002af4        0x0
                0x0000000000002af4                _bt_gatt_service_static_list_start = .
 *(SORT_BY_NAME(SORT_BY_ALIGNMENT(._bt_gatt_service_static.static.*)))
                0x0000000000002af4                _bt_gatt_service_static_list_end = .

log_strings_sections
                0x0000000000002af4        0x0
                0x0000000000002af4                __log_strings_start = .
 *(SORT_BY_NAME(SORT_BY_ALIGNMENT(.log_strings*)))
                0x0000000000002af4                __log_strings_end = .

log_const_sections
                0x0000000000002af4       0x10
                0x0000000000002af4                __log_const_start = .
 *(SORT_BY_NAME(SORT_BY_ALIGNMENT(.log_const_*)))
 .log_const_cbprintf_package
                0x0000000000002af4        0x8 zephyr/libzephyr.a(cbprintf_packaged.c.obj)
                0x0000000000002af4                log_const_cbprintf_package
 .log_const_os  0x0000000000002afc        0x8 zephyr/kernel/libkernel.a(init.c.obj)
                0x0000000000002afc                log_const_os
                0x0000000000002b04                __log_const_end = .

log_backend_area
                0x0000000000002b04        0x0
                0x0000000000002b04                _log_backend_list_start = .
 *(SORT_BY_NAME(SORT_BY_ALIGNMENT(._log_backend.static.*)))
                0x0000000000002b04                _log_backend_list_end = .

log_link_area   0x0000000000002b04        0x0
                0x0000000000002b04                _log_link_list_start = .
 *(SORT_BY_NAME(SORT_BY_ALIGNMENT(._log_link.static.*)))
                0x0000000000002b04                _log_link_list_end = .

tracing_backend_area
                0x0000000000002b04        0x0
                0x0000000000002b04                _tracing_backend_list_start = .
 *(SORT_BY_NAME(SORT_BY_ALIGNMENT(._tracing_backend.static.*)))
                0x0000000000002b04                _tracing_backend_list_end = .

zephyr_dbg_info
 *(SORT_BY_ALIGNMENT(.dbg_thread_info))

symbol_to_keep  0x0000000000002b04        0x0
                0x0000000000002b04                __symbol_to_keep_start = .
 *(SORT_BY_NAME(SORT_BY_ALIGNMENT(.symbol_to_keep*)))
                0x0000000000002b04                __symbol_to_keep_end = .

shell_area      0x0000000000002b04        0x0
                0x0000000000002b04                _shell_list_start = .
 *(SORT_BY_NAME(SORT_BY_ALIGNMENT(._shell.static.*)))
                0x0000000000002b04                _shell_list_end = .

shell_root_cmds_sections
                0x0000000000002b04        0x0
                0x0000000000002b04                __shell_root_cmds_start = .
 *(SORT_BY_NAME(SORT_BY_ALIGNMENT(.shell_root_cmd_*)))
                0x0000000000002b04                __shell_root_cmds_end = .

shell_subcmds_sections
                0x0000000000002b04        0x0
                0x0000000000002b04                __shell_subcmds_start = .
 *(SORT_BY_NAME(SORT_BY_ALIGNMENT(.shell_subcmd_*)))
                0x0000000000002b04                __shell_subcmds_end = .

shell_dynamic_subcmds_sections
                0x0000000000002b04        0x0
                0x0000000000002b04                __shell_dynamic_subcmds_start = .
 *(SORT_BY_NAME(SORT_BY_ALIGNMENT(.shell_dynamic_subcmd_*)))
                0x0000000000002b04                __shell_dynamic_subcmds_end = .

font_entry_sections
                0x0000000000002b04        0x0
                0x0000000000002b04                __font_entry_start = .
 *(SORT_BY_NAME(SORT_BY_ALIGNMENT(._cfb_font.*)))
                0x0000000000002b04                __font_entry_end = .

rodata          0x0000000000002b04      0x270
 *(SORT_BY_ALIGNMENT(.rodata))
 *(SORT_BY_ALIGNMENT(.rodata.*))
 .rodata.gpio_sam0_config_1
                0x0000000000002b04        0xc zephyr/drivers/gpio/libdrivers__gpio.a(gpio_sam0.c.obj)
 .rodata.gpio_sam0_config_0
                0x0000000000002b10        0xc zephyr/drivers/gpio/libdrivers__gpio.a(gpio_sam0.c.obj)
 .rodata.gpio_sam0_api
                0x0000000000002b1c       0x24 zephyr/drivers/gpio/libdrivers__gpio.a(gpio_sam0.c.obj)
 .rodata.uart_sam0_config_2
                0x0000000000002b40       0x20 zephyr/drivers/serial/libdrivers__serial.a(uart_sam0.c.obj)
 .rodata.__pinctrl_dev_config__device_dts_ord_36
                0x0000000000002b60        0x8 zephyr/drivers/serial/libdrivers__serial.a(uart_sam0.c.obj)
 .rodata.__pinctrl_states__device_dts_ord_36
                0x0000000000002b68        0x8 zephyr/drivers/serial/libdrivers__serial.a(uart_sam0.c.obj)
 .rodata.__pinctrl_state_pins_0__device_dts_ord_36
                0x0000000000002b70        0x8 zephyr/drivers/serial/libdrivers__serial.a(uart_sam0.c.obj)
 .rodata.uart_sam0_config_1
                0x0000000000002b78       0x20 zephyr/drivers/serial/libdrivers__serial.a(uart_sam0.c.obj)
 .rodata.__pinctrl_dev_config__device_dts_ord_32
                0x0000000000002b98        0x8 zephyr/drivers/serial/libdrivers__serial.a(uart_sam0.c.obj)
 .rodata.__pinctrl_states__device_dts_ord_32
                0x0000000000002ba0        0x8 zephyr/drivers/serial/libdrivers__serial.a(uart_sam0.c.obj)
 .rodata.__pinctrl_state_pins_0__device_dts_ord_32
                0x0000000000002ba8        0x8 zephyr/drivers/serial/libdrivers__serial.a(uart_sam0.c.obj)
 .rodata.uart_sam0_config_0
                0x0000000000002bb0       0x20 zephyr/drivers/serial/libdrivers__serial.a(uart_sam0.c.obj)
 .rodata.__pinctrl_dev_config__device_dts_ord_30
                0x0000000000002bd0        0x8 zephyr/drivers/serial/libdrivers__serial.a(uart_sam0.c.obj)
 .rodata.__pinctrl_states__device_dts_ord_30
                0x0000000000002bd8        0x8 zephyr/drivers/serial/libdrivers__serial.a(uart_sam0.c.obj)
 .rodata.__pinctrl_state_pins_0__device_dts_ord_30
                0x0000000000002be0        0x8 zephyr/drivers/serial/libdrivers__serial.a(uart_sam0.c.obj)
 .rodata.uart_sam0_driver_api
                0x0000000000002be8       0x4c zephyr/drivers/serial/libdrivers__serial.a(uart_sam0.c.obj)
 .rodata.sam_port_addrs
                0x0000000000002c34        0x8 zephyr/drivers/pinctrl/libdrivers__pinctrl.a(pinctrl_sam0.c.obj)
 .rodata._k_neg_eagain
                0x0000000000002c3c        0x4 zephyr/kernel/libkernel.a(errno.c.obj)
                0x0000000000002c3c                _k_neg_eagain
 .rodata.levels.0
                0x0000000000002c40       0x18 zephyr/kernel/libkernel.a(init.c.obj)
 .rodata.main.str1.1
                0x0000000000002c58       0x1f app/libapp.a(main.c.obj)
 .rodata.str1.1
                0x0000000000002c77       0x11 zephyr/libzephyr.a(cbprintf_packaged.c.obj)
 .rodata.z_cbvprintf_impl.str1.1
                0x0000000000002c88        0x6 zephyr/libzephyr.a(cbprintf_complete.c.obj)
 .rodata.str1.1
                0x0000000000002c8e        0xd zephyr/drivers/interrupt_controller/libdrivers__interrupt_controller.a(intc_sam0_eic.c.obj)
 .rodata.sam0_eic_channels
                0x0000000000002c9b       0x40 zephyr/drivers/interrupt_controller/libdrivers__interrupt_controller.a(intc_sam0_eic.c.obj)
 .rodata.str1.1
                0x0000000000002cdb       0x1c zephyr/drivers/gpio/libdrivers__gpio.a(gpio_sam0.c.obj)
 .rodata.str1.1
                0x0000000000002cf7       0x30 zephyr/drivers/serial/libdrivers__serial.a(uart_sam0.c.obj)
 .rodata.z_cstart.str1.1
                0x0000000000002d27        0x5 zephyr/kernel/libkernel.a(init.c.obj)
 .rodata.str1.1
                0x0000000000002d2c        0x3 zephyr/kernel/libkernel.a(init.c.obj)
 .rodata.boot_banner.str1.1
                0x0000000000002d2f       0x42 zephyr/kernel/libkernel.a(banner.c.obj)
 *(SORT_BY_ALIGNMENT(.gnu.linkonce.r.*))
                0x0000000000002d74                . = ALIGN (0x4)
 *fill*         0x0000000000002d71        0x3 
                0x0000000000002d74                __rodata_region_end = .
                0x0000000000002d74                . = ALIGN (_region_min_align)
                0x0000000000002d74                __rom_region_end = ((__rom_region_start + .) - ADDR (rom_start))

/DISCARD/
 *(SORT_BY_ALIGNMENT(.got.plt))
 *(SORT_BY_ALIGNMENT(.igot.plt))
 *(SORT_BY_ALIGNMENT(.got))
 *(SORT_BY_ALIGNMENT(.igot))
                0x0000000020000000                . = 0x20000000
                0x0000000020000000                . = ALIGN (_region_min_align)
                0x0000000020000000                _image_ram_start = .

.ramfunc        0x0000000020000000        0x0 load address 0x0000000000002d74
                0x0000000020000000                . = ALIGN (_region_min_align)
                0x0000000020000000                __ramfunc_start = .
 *(SORT_BY_ALIGNMENT(.ramfunc))
 *(SORT_BY_ALIGNMENT(.ramfunc.*))
                0x0000000020000000                . = ALIGN (_region_min_align)
                0x0000000020000000                __ramfunc_end = .
                0x0000000000000000                __ramfunc_size = (__ramfunc_end - __ramfunc_start)
                0x0000000000002d74                __ramfunc_load_start = LOADADDR (.ramfunc)

datas           0x0000000020000000       0x10 load address 0x0000000000002d74
                0x0000000020000000                __data_region_start = .
                0x0000000020000000                __data_start = .
 *(SORT_BY_ALIGNMENT(.data))
 *(SORT_BY_ALIGNMENT(.data.*))
 .data._char_out
                0x0000000020000000        0x4 zephyr/libzephyr.a(printk.c.obj)
                0x0000000020000000                _char_out
 .data._stdout_hook
                0x0000000020000004        0x4 zephyr/lib/libc/minimal/liblib__libc__minimal.a(stdout_console.c.obj)
 .data.timeout_list
                0x0000000020000008        0x8 zephyr/kernel/libkernel.a(timeout.c.obj)
 *(SORT_BY_ALIGNMENT(.kernel.*))
                0x0000000020000010                __data_end = .
                0x0000000000000010                __data_size = (__data_end - __data_start)
                0x0000000000002d74                __data_load_start = LOADADDR (datas)
                0x0000000000002d74                __data_region_load_start = LOADADDR (datas)

device_states   0x0000000020000010        0xc load address 0x0000000000002d84
                0x0000000020000010                __device_states_start = .
 *(SORT_BY_ALIGNMENT(.z_devstate))
 .z_devstate    0x0000000020000010        0x2 zephyr/drivers/interrupt_controller/libdrivers__interrupt_controller.a(intc_sam0_eic.c.obj)
 .z_devstate    0x0000000020000012        0x4 zephyr/drivers/gpio/libdrivers__gpio.a(gpio_sam0.c.obj)
 .z_devstate    0x0000000020000016        0x6 zephyr/drivers/serial/libdrivers__serial.a(uart_sam0.c.obj)
 *(SORT_BY_ALIGNMENT(.z_devstate.*))
                0x000000002000001c                __device_states_end = .

initshell       0x000000002000001c        0x0 load address 0x0000000000002d90
                0x000000002000001c                __shell_module_start = .
 *(SORT_BY_ALIGNMENT(.shell_module_*))
                0x000000002000001c                __shell_module_end = .
                0x000000002000001c                __shell_cmd_start = .
 *(SORT_BY_ALIGNMENT(.shell_cmd_*))
                0x000000002000001c                __shell_cmd_end = .

log_mpsc_pbuf_area
                0x000000002000001c        0x0 load address 0x0000000000002d90
                0x000000002000001c                _log_mpsc_pbuf_list_start = .
 *(SORT_BY_NAME(SORT_BY_ALIGNMENT(._log_mpsc_pbuf.static.*)))
                0x000000002000001c                _log_mpsc_pbuf_list_end = .

log_msg_ptr_area
                0x000000002000001c        0x0 load address 0x0000000000002d90
                0x000000002000001c                _log_msg_ptr_list_start = .
 *(SORT_BY_NAME(SORT_BY_ALIGNMENT(._log_msg_ptr.static.*)))
                0x000000002000001c                _log_msg_ptr_list_end = .

log_dynamic_sections
                0x000000002000001c        0x0 load address 0x0000000000002d90
                0x000000002000001c                __log_dynamic_start = .
 *(SORT_BY_NAME(SORT_BY_ALIGNMENT(.log_dynamic_*)))
                0x000000002000001c                __log_dynamic_end = .

k_timer_area    0x000000002000001c        0x0 load address 0x0000000000002d90
                0x000000002000001c                _k_timer_list_start = .
 *(SORT_BY_NAME(SORT_BY_ALIGNMENT(._k_timer.static.*)))
                0x000000002000001c                _k_timer_list_end = .

k_mem_slab_area
                0x000000002000001c        0x0 load address 0x0000000000002d90
                0x000000002000001c                _k_mem_slab_list_start = .
 *(SORT_BY_NAME(SORT_BY_ALIGNMENT(._k_mem_slab.static.*)))
                0x000000002000001c                _k_mem_slab_list_end = .

k_heap_area     0x000000002000001c        0x0 load address 0x0000000000002d90
                0x000000002000001c                _k_heap_list_start = .
 *(SORT_BY_NAME(SORT_BY_ALIGNMENT(._k_heap.static.*)))
                0x000000002000001c                _k_heap_list_end = .

k_mutex_area    0x000000002000001c        0x0 load address 0x0000000000002d90
                0x000000002000001c                _k_mutex_list_start = .
 *(SORT_BY_NAME(SORT_BY_ALIGNMENT(._k_mutex.static.*)))
                0x000000002000001c                _k_mutex_list_end = .

k_stack_area    0x000000002000001c        0x0 load address 0x0000000000002d90
                0x000000002000001c                _k_stack_list_start = .
 *(SORT_BY_NAME(SORT_BY_ALIGNMENT(._k_stack.static.*)))
                0x000000002000001c                _k_stack_list_end = .

k_msgq_area     0x000000002000001c        0x0 load address 0x0000000000002d90
                0x000000002000001c                _k_msgq_list_start = .
 *(SORT_BY_NAME(SORT_BY_ALIGNMENT(._k_msgq.static.*)))
                0x000000002000001c                _k_msgq_list_end = .

k_mbox_area     0x000000002000001c        0x0 load address 0x0000000000002d90
                0x000000002000001c                _k_mbox_list_start = .
 *(SORT_BY_NAME(SORT_BY_ALIGNMENT(._k_mbox.static.*)))
                0x000000002000001c                _k_mbox_list_end = .

k_pipe_area     0x000000002000001c        0x0 load address 0x0000000000002d90
                0x000000002000001c                _k_pipe_list_start = .
 *(SORT_BY_NAME(SORT_BY_ALIGNMENT(._k_pipe.static.*)))
                0x000000002000001c                _k_pipe_list_end = .

k_sem_area      0x000000002000001c        0x0 load address 0x0000000000002d90
                0x000000002000001c                _k_sem_list_start = .
 *(SORT_BY_NAME(SORT_BY_ALIGNMENT(._k_sem.static.*)))
                0x000000002000001c                _k_sem_list_end = .

k_event_area    0x000000002000001c        0x0 load address 0x0000000000002d90
                0x000000002000001c                _k_event_list_start = .
 *(SORT_BY_NAME(SORT_BY_ALIGNMENT(._k_event.static.*)))
                0x000000002000001c                _k_event_list_end = .

k_queue_area    0x000000002000001c        0x0 load address 0x0000000000002d90
                0x000000002000001c                _k_queue_list_start = .
 *(SORT_BY_NAME(SORT_BY_ALIGNMENT(._k_queue.static.*)))
                0x000000002000001c                _k_queue_list_end = .

k_condvar_area  0x000000002000001c        0x0 load address 0x0000000000002d90
                0x000000002000001c                _k_condvar_list_start = .
 *(SORT_BY_NAME(SORT_BY_ALIGNMENT(._k_condvar.static.*)))
                0x000000002000001c                _k_condvar_list_end = .

_net_buf_pool_area
                0x000000002000001c        0x0 load address 0x0000000000002d90
                0x000000002000001c                _net_buf_pool_list = .
 *(SORT_BY_NAME(SORT_BY_ALIGNMENT(._net_buf_pool.static.*)))
                0x000000002000001c                __data_region_end = .

bss             0x0000000020000020      0x1a5
                0x0000000020000020                . = ALIGN (0x4)
                0x0000000020000020                __bss_start = .
                0x0000000020000020                __kernel_ram_start = .
 *(SORT_BY_ALIGNMENT(.bss))
 *(SORT_BY_ALIGNMENT(.bss.*))
 .bss.z_idle_threads
                0x0000000020000020       0x70 zephyr/kernel/libkernel.a(init.c.obj)
                0x0000000020000020                z_idle_threads
 .bss.z_main_thread
                0x0000000020000090       0x70 zephyr/kernel/libkernel.a(init.c.obj)
                0x0000000020000090                z_main_thread
 .bss.curr_tick
                0x0000000020000100        0x8 zephyr/kernel/libkernel.a(timeout.c.obj)
 .bss.eic_data  0x0000000020000108       0x20 zephyr/drivers/interrupt_controller/libdrivers__interrupt_controller.a(intc_sam0_eic.c.obj)
 .bss.gpio_sam0_data_1
                0x0000000020000128       0x14 zephyr/drivers/gpio/libdrivers__gpio.a(gpio_sam0.c.obj)
 .bss.gpio_sam0_data_0
                0x000000002000013c       0x14 zephyr/drivers/gpio/libdrivers__gpio.a(gpio_sam0.c.obj)
 .bss.uart_sam0_data_2
                0x0000000020000150       0x10 zephyr/drivers/serial/libdrivers__serial.a(uart_sam0.c.obj)
 .bss.uart_sam0_data_1
                0x0000000020000160       0x10 zephyr/drivers/serial/libdrivers__serial.a(uart_sam0.c.obj)
 .bss.uart_sam0_data_0
                0x0000000020000170       0x10 zephyr/drivers/serial/libdrivers__serial.a(uart_sam0.c.obj)
 .bss.overflow_cyc
                0x0000000020000180        0x4 zephyr/drivers/timer/libdrivers__timer.a(cortex_m_systick.c.obj)
 .bss.announced_cycles
                0x0000000020000184        0x4 zephyr/drivers/timer/libdrivers__timer.a(cortex_m_systick.c.obj)
 .bss.cycle_count
                0x0000000020000188        0x4 zephyr/drivers/timer/libdrivers__timer.a(cortex_m_systick.c.obj)
 .bss.last_load
                0x000000002000018c        0x4 zephyr/drivers/timer/libdrivers__timer.a(cortex_m_systick.c.obj)
 .bss._kernel   0x0000000020000190       0x24 zephyr/kernel/libkernel.a(init.c.obj)
                0x0000000020000190                _kernel
 .bss.pending_current
                0x00000000200001b4        0x4 zephyr/kernel/libkernel.a(sched.c.obj)
 .bss.slice_max_prio
                0x00000000200001b8        0x4 zephyr/kernel/libkernel.a(sched.c.obj)
 .bss.slice_ticks
                0x00000000200001bc        0x4 zephyr/kernel/libkernel.a(sched.c.obj)
 .bss.announce_remaining
                0x00000000200001c0        0x4 zephyr/kernel/libkernel.a(timeout.c.obj)
 .bss.z_sys_post_kernel
                0x00000000200001c4        0x1 zephyr/kernel/libkernel.a(init.c.obj)
                0x00000000200001c4                z_sys_post_kernel
 .bss.sched_spinlock
                0x00000000200001c5        0x0 zephyr/kernel/libkernel.a(sched.c.obj)
                0x00000000200001c5                sched_spinlock
 *(SORT_BY_ALIGNMENT(COMMON))
 *(SORT_BY_ALIGNMENT(.kernel_bss.*))
                0x00000000200001c8                __bss_end = ALIGN (0x4)

noinit          0x00000000200001c8      0xd00
 *(SORT_BY_ALIGNMENT(.noinit))
 *(SORT_BY_ALIGNMENT(.noinit.*))
 .noinit."WEST_TOPDIR/zephyr/kernel/init.c".2
                0x00000000200001c8      0x800 zephyr/kernel/libkernel.a(init.c.obj)
                0x00000000200001c8                z_interrupt_stacks
 .noinit."WEST_TOPDIR/zephyr/kernel/init.c".1
                0x00000000200009c8      0x100 zephyr/kernel/libkernel.a(init.c.obj)
 .noinit."WEST_TOPDIR/zephyr/kernel/init.c".0
                0x0000000020000ac8      0x400 zephyr/kernel/libkernel.a(init.c.obj)
                0x0000000020000ac8                z_main_stack
 *(SORT_BY_ALIGNMENT(.kernel_noinit.*))
                0x0000000020000ec8                _image_ram_end = .
                0x0000000020000ec8                _end = .
                0x0000000020008000                __kernel_ram_end = 0x20008000
                0x0000000000007fe0                __kernel_ram_size = (__kernel_ram_end - __kernel_ram_start)

.intList        0x00000000fffff800       0x48
 *(SORT_BY_ALIGNMENT(.irq_info*))
 .irq_info      0x00000000fffff800        0x8 zephyr/arch/common/libisr_tables.a(isr_tables.c.obj)
                0x00000000fffff800                _iheader
 *(SORT_BY_ALIGNMENT(.intList*))
 .intList       0x00000000fffff808       0x10 zephyr/drivers/interrupt_controller/libdrivers__interrupt_controller.a(intc_sam0_eic.c.obj)
 .intList       0x00000000fffff818       0x30 zephyr/drivers/serial/libdrivers__serial.a(uart_sam0.c.obj)

.stab
 *(SORT_BY_ALIGNMENT(.stab))

.stabstr
 *(SORT_BY_ALIGNMENT(.stabstr))

.stab.excl
 *(SORT_BY_ALIGNMENT(.stab.excl))

.stab.exclstr
 *(SORT_BY_ALIGNMENT(.stab.exclstr))

.stab.index
 *(SORT_BY_ALIGNMENT(.stab.index))

.stab.indexstr
 *(SORT_BY_ALIGNMENT(.stab.indexstr))

.gnu.build.attributes
 *(SORT_BY_ALIGNMENT(.gnu.build.attributes) SORT_BY_ALIGNMENT(.gnu.build.attributes.*))

.comment        0x0000000000000000       0x20
 *(SORT_BY_ALIGNMENT(.comment))
 .comment       0x0000000000000000       0x20 zephyr/CMakeFiles/zephyr_pre1.dir/dev_handles.c.obj
                                         0x21 (size before relaxing)
 .comment       0x0000000000000020       0x21 zephyr/CMakeFiles/offsets.dir/./arch/arm/core/offsets/offsets.c.obj
 .comment       0x0000000000000020       0x21 app/libapp.a(main.c.obj)
 .comment       0x0000000000000020       0x21 zephyr/libzephyr.a(cbprintf_packaged.c.obj)
 .comment       0x0000000000000020       0x21 zephyr/libzephyr.a(printk.c.obj)
 .comment       0x0000000000000020       0x21 zephyr/libzephyr.a(thread_entry.c.obj)
 .comment       0x0000000000000020       0x21 zephyr/libzephyr.a(cbprintf_complete.c.obj)
 .comment       0x0000000000000020       0x21 zephyr/libzephyr.a(configs.c.obj)
 .comment       0x0000000000000020       0x21 zephyr/libzephyr.a(soc_port.c.obj)
 .comment       0x0000000000000020       0x21 zephyr/libzephyr.a(soc_samd2x.c.obj)
 .comment       0x0000000000000020       0x21 zephyr/arch/arch/arm/core/aarch32/libarch__arm__core__aarch32.a(fatal.c.obj)
 .comment       0x0000000000000020       0x21 zephyr/arch/arch/arm/core/aarch32/libarch__arm__core__aarch32.a(irq_manage.c.obj)
 .comment       0x0000000000000020       0x21 zephyr/arch/arch/arm/core/aarch32/libarch__arm__core__aarch32.a(nmi.c.obj)
 .comment       0x0000000000000020       0x21 zephyr/arch/arch/arm/core/aarch32/libarch__arm__core__aarch32.a(prep_c.c.obj)
 .comment       0x0000000000000020       0x21 zephyr/arch/arch/arm/core/aarch32/libarch__arm__core__aarch32.a(swap.c.obj)
 .comment       0x0000000000000020       0x21 zephyr/arch/arch/arm/core/aarch32/libarch__arm__core__aarch32.a(thread.c.obj)
 .comment       0x0000000000000020       0x21 zephyr/arch/arch/arm/core/aarch32/cortex_m/libarch__arm__core__aarch32__cortex_m.a(fault.c.obj)
 .comment       0x0000000000000020       0x21 zephyr/arch/arch/arm/core/aarch32/cortex_m/libarch__arm__core__aarch32__cortex_m.a(irq_init.c.obj)
 .comment       0x0000000000000020       0x21 zephyr/arch/arch/arm/core/aarch32/cortex_m/libarch__arm__core__aarch32__cortex_m.a(thread_abort.c.obj)
 .comment       0x0000000000000020       0x21 zephyr/lib/libc/minimal/liblib__libc__minimal.a(string.c.obj)
 .comment       0x0000000000000020       0x21 zephyr/lib/libc/minimal/liblib__libc__minimal.a(stdout_console.c.obj)
 .comment       0x0000000000000020       0x21 zephyr/drivers/interrupt_controller/libdrivers__interrupt_controller.a(intc_sam0_eic.c.obj)
 .comment       0x0000000000000020       0x21 zephyr/drivers/console/libdrivers__console.a(uart_console.c.obj)
 .comment       0x0000000000000020       0x21 zephyr/drivers/gpio/libdrivers__gpio.a(gpio_sam0.c.obj)
 .comment       0x0000000000000020       0x21 zephyr/drivers/serial/libdrivers__serial.a(uart_sam0.c.obj)
 .comment       0x0000000000000020       0x21 zephyr/drivers/timer/libdrivers__timer.a(cortex_m_systick.c.obj)
 .comment       0x0000000000000020       0x21 zephyr/drivers/pinctrl/libdrivers__pinctrl.a(common.c.obj)
 .comment       0x0000000000000020       0x21 zephyr/drivers/pinctrl/libdrivers__pinctrl.a(pinctrl_sam0.c.obj)
 .comment       0x0000000000000020       0x21 zephyr/kernel/libkernel.a(device.c.obj)
 .comment       0x0000000000000020       0x21 zephyr/kernel/libkernel.a(errno.c.obj)
 .comment       0x0000000000000020       0x21 zephyr/kernel/libkernel.a(fatal.c.obj)
 .comment       0x0000000000000020       0x21 zephyr/kernel/libkernel.a(init.c.obj)
 .comment       0x0000000000000020       0x21 zephyr/kernel/libkernel.a(thread.c.obj)
 .comment       0x0000000000000020       0x21 zephyr/kernel/libkernel.a(idle.c.obj)
 .comment       0x0000000000000020       0x21 zephyr/kernel/libkernel.a(sched.c.obj)
 .comment       0x0000000000000020       0x21 zephyr/kernel/libkernel.a(xip.c.obj)
 .comment       0x0000000000000020       0x21 zephyr/kernel/libkernel.a(timeout.c.obj)
 .comment       0x0000000000000020       0x21 zephyr/kernel/libkernel.a(banner.c.obj)
 .comment       0x0000000000000020       0x21 zephyr/arch/common/libisr_tables.a(isr_tables.c.obj)

.debug
 *(SORT_BY_ALIGNMENT(.debug))

.line
 *(SORT_BY_ALIGNMENT(.line))

.debug_srcinfo
 *(SORT_BY_ALIGNMENT(.debug_srcinfo))

.debug_sfnames
 *(SORT_BY_ALIGNMENT(.debug_sfnames))

.debug_aranges  0x0000000000000000      0xc48
 *(SORT_BY_ALIGNMENT(.debug_aranges))
 .debug_aranges
                0x0000000000000000       0x30 zephyr/arch/arch/arm/core/aarch32/libarch__arm__core__aarch32.a(cpu_idle.S.obj)
 .debug_aranges
                0x0000000000000030       0x20 zephyr/arch/arch/arm/core/aarch32/libarch__arm__core__aarch32.a(nmi_on_reset.S.obj)
 .debug_aranges
                0x0000000000000050       0x28 zephyr/arch/arch/arm/core/aarch32/libarch__arm__core__aarch32.a(swap_helper.S.obj)
 .debug_aranges
                0x0000000000000078       0x20 zephyr/arch/arch/arm/core/aarch32/libarch__arm__core__aarch32.a(isr_wrapper.S.obj)
 .debug_aranges
                0x0000000000000098       0x20 zephyr/arch/arch/arm/core/aarch32/cortex_m/libarch__arm__core__aarch32__cortex_m.a(exc_exit.S.obj)
 .debug_aranges
                0x00000000000000b8       0x20 zephyr/arch/arch/arm/core/aarch32/cortex_m/libarch__arm__core__aarch32__cortex_m.a(fault_s.S.obj)
 .debug_aranges
                0x00000000000000d8       0x20 zephyr/arch/arch/arm/core/aarch32/cortex_m/libarch__arm__core__aarch32__cortex_m.a(reset.S.obj)
 .debug_aranges
                0x00000000000000f8       0x18 zephyr/CMakeFiles/zephyr_pre1.dir/dev_handles.c.obj
 .debug_aranges
                0x0000000000000110       0x20 zephyr/CMakeFiles/offsets.dir/./arch/arm/core/offsets/offsets.c.obj
 .debug_aranges
                0x0000000000000130       0x20 app/libapp.a(main.c.obj)
 .debug_aranges
                0x0000000000000150       0x40 zephyr/libzephyr.a(cbprintf_packaged.c.obj)
 .debug_aranges
                0x0000000000000190       0x68 zephyr/libzephyr.a(printk.c.obj)
 .debug_aranges
                0x00000000000001f8       0x20 zephyr/libzephyr.a(thread_entry.c.obj)
 .debug_aranges
                0x0000000000000218       0x30 zephyr/libzephyr.a(cbprintf_complete.c.obj)
 .debug_aranges
                0x0000000000000248       0x20 zephyr/libzephyr.a(configs.c.obj)
 .debug_aranges
                0x0000000000000268       0x30 zephyr/libzephyr.a(soc_port.c.obj)
 .debug_aranges
                0x0000000000000298       0x28 zephyr/libzephyr.a(soc_samd2x.c.obj)
 .debug_aranges
                0x00000000000002c0       0x30 zephyr/arch/arch/arm/core/aarch32/libarch__arm__core__aarch32.a(fatal.c.obj)
 .debug_aranges
                0x00000000000002f0       0x40 zephyr/arch/arch/arm/core/aarch32/libarch__arm__core__aarch32.a(irq_manage.c.obj)
 .debug_aranges
                0x0000000000000330       0x20 zephyr/arch/arch/arm/core/aarch32/libarch__arm__core__aarch32.a(nmi.c.obj)
 .debug_aranges
                0x0000000000000350       0x20 zephyr/arch/arch/arm/core/aarch32/libarch__arm__core__aarch32.a(prep_c.c.obj)
 .debug_aranges
                0x0000000000000370       0x20 zephyr/arch/arch/arm/core/aarch32/libarch__arm__core__aarch32.a(swap.c.obj)
 .debug_aranges
                0x0000000000000390       0x28 zephyr/arch/arch/arm/core/aarch32/libarch__arm__core__aarch32.a(thread.c.obj)
 .debug_aranges
                0x00000000000003b8       0x28 zephyr/arch/arch/arm/core/aarch32/cortex_m/libarch__arm__core__aarch32__cortex_m.a(fault.c.obj)
 .debug_aranges
                0x00000000000003e0       0x20 zephyr/arch/arch/arm/core/aarch32/cortex_m/libarch__arm__core__aarch32__cortex_m.a(irq_init.c.obj)
 .debug_aranges
                0x0000000000000400       0x20 zephyr/arch/arch/arm/core/aarch32/cortex_m/libarch__arm__core__aarch32__cortex_m.a(thread_abort.c.obj)
 .debug_aranges
                0x0000000000000420       0x98 zephyr/lib/libc/minimal/liblib__libc__minimal.a(string.c.obj)
 .debug_aranges
                0x00000000000004b8       0x58 zephyr/lib/libc/minimal/liblib__libc__minimal.a(stdout_console.c.obj)
 .debug_aranges
                0x0000000000000510       0x60 zephyr/drivers/interrupt_controller/libdrivers__interrupt_controller.a(intc_sam0_eic.c.obj)
 .debug_aranges
                0x0000000000000570       0x30 zephyr/drivers/console/libdrivers__console.a(uart_console.c.obj)
 .debug_aranges
                0x00000000000005a0       0x70 zephyr/drivers/gpio/libdrivers__gpio.a(gpio_sam0.c.obj)
 .debug_aranges
                0x0000000000000610       0xd0 zephyr/drivers/serial/libdrivers__serial.a(uart_sam0.c.obj)
 .debug_aranges
                0x00000000000006e0       0x58 zephyr/drivers/timer/libdrivers__timer.a(cortex_m_systick.c.obj)
 .debug_aranges
                0x0000000000000738       0x20 zephyr/drivers/pinctrl/libdrivers__pinctrl.a(common.c.obj)
 .debug_aranges
                0x0000000000000758       0x20 zephyr/drivers/pinctrl/libdrivers__pinctrl.a(pinctrl_sam0.c.obj)
 .debug_aranges
                0x0000000000000778       0x50 zephyr/kernel/libkernel.a(device.c.obj)
 .debug_aranges
                0x00000000000007c8       0x20 zephyr/kernel/libkernel.a(errno.c.obj)
 .debug_aranges
                0x00000000000007e8       0x60 zephyr/kernel/libkernel.a(fatal.c.obj)
 .debug_aranges
                0x0000000000000848       0x50 zephyr/kernel/libkernel.a(init.c.obj)
 .debug_aranges
                0x0000000000000898       0xb8 zephyr/kernel/libkernel.a(thread.c.obj)
 .debug_aranges
                0x0000000000000950       0x28 zephyr/kernel/libkernel.a(idle.c.obj)
 .debug_aranges
                0x0000000000000978      0x1e0 zephyr/kernel/libkernel.a(sched.c.obj)
 .debug_aranges
                0x0000000000000b58       0x20 zephyr/kernel/libkernel.a(xip.c.obj)
 .debug_aranges
                0x0000000000000b78       0x98 zephyr/kernel/libkernel.a(timeout.c.obj)
 .debug_aranges
                0x0000000000000c10       0x20 zephyr/kernel/libkernel.a(banner.c.obj)
 .debug_aranges
                0x0000000000000c30       0x18 zephyr/arch/common/libisr_tables.a(isr_tables.c.obj)

.debug_pubnames
 *(SORT_BY_ALIGNMENT(.debug_pubnames))

.debug_info     0x0000000000000000    0x27191
 *(SORT_BY_ALIGNMENT(.debug_info) SORT_BY_ALIGNMENT(.gnu.linkonce.wi.*))
 .debug_info    0x0000000000000000      0x11d zephyr/CMakeFiles/zephyr_pre1.dir/dev_handles.c.obj
 .debug_info    0x000000000000011d       0xd0 zephyr/CMakeFiles/offsets.dir/./arch/arm/core/offsets/offsets.c.obj
 .debug_info    0x00000000000001ed      0x27a app/libapp.a(main.c.obj)
 .debug_info    0x0000000000000467     0x1e53 zephyr/libzephyr.a(cbprintf_packaged.c.obj)
 .debug_info    0x00000000000022ba      0x6db zephyr/libzephyr.a(printk.c.obj)
 .debug_info    0x0000000000002995      0x5d2 zephyr/libzephyr.a(thread_entry.c.obj)
 .debug_info    0x0000000000002f67     0x1081 zephyr/libzephyr.a(cbprintf_complete.c.obj)
 .debug_info    0x0000000000003fe8       0x38 zephyr/libzephyr.a(configs.c.obj)
 .debug_info    0x0000000000004020      0x85a zephyr/libzephyr.a(soc_port.c.obj)
 .debug_info    0x000000000000487a     0x24c8 zephyr/libzephyr.a(soc_samd2x.c.obj)
 .debug_info    0x0000000000006d42       0x22 zephyr/arch/arch/arm/core/aarch32/libarch__arm__core__aarch32.a(cpu_idle.S.obj)
 .debug_info    0x0000000000006d64     0x255e zephyr/arch/arch/arm/core/aarch32/libarch__arm__core__aarch32.a(fatal.c.obj)
 .debug_info    0x00000000000092c2      0x706 zephyr/arch/arch/arm/core/aarch32/libarch__arm__core__aarch32.a(irq_manage.c.obj)
 .debug_info    0x00000000000099c8       0xb6 zephyr/arch/arch/arm/core/aarch32/libarch__arm__core__aarch32.a(nmi.c.obj)
 .debug_info    0x0000000000009a7e       0x23 zephyr/arch/arch/arm/core/aarch32/libarch__arm__core__aarch32.a(nmi_on_reset.S.obj)
 .debug_info    0x0000000000009aa1      0x21f zephyr/arch/arch/arm/core/aarch32/libarch__arm__core__aarch32.a(prep_c.c.obj)
 .debug_info    0x0000000000009cc0      0x670 zephyr/arch/arch/arm/core/aarch32/libarch__arm__core__aarch32.a(swap.c.obj)
 .debug_info    0x000000000000a330       0x22 zephyr/arch/arch/arm/core/aarch32/libarch__arm__core__aarch32.a(swap_helper.S.obj)
 .debug_info    0x000000000000a352      0x7d9 zephyr/arch/arch/arm/core/aarch32/libarch__arm__core__aarch32.a(thread.c.obj)
 .debug_info    0x000000000000ab2b       0x23 zephyr/arch/arch/arm/core/aarch32/libarch__arm__core__aarch32.a(isr_wrapper.S.obj)
 .debug_info    0x000000000000ab4e       0x23 zephyr/arch/arch/arm/core/aarch32/cortex_m/libarch__arm__core__aarch32__cortex_m.a(exc_exit.S.obj)
 .debug_info    0x000000000000ab71     0x2510 zephyr/arch/arch/arm/core/aarch32/cortex_m/libarch__arm__core__aarch32__cortex_m.a(fault.c.obj)
 .debug_info    0x000000000000d081       0x23 zephyr/arch/arch/arm/core/aarch32/cortex_m/libarch__arm__core__aarch32__cortex_m.a(fault_s.S.obj)
 .debug_info    0x000000000000d0a4      0x3a9 zephyr/arch/arch/arm/core/aarch32/cortex_m/libarch__arm__core__aarch32__cortex_m.a(irq_init.c.obj)
 .debug_info    0x000000000000d44d       0x23 zephyr/arch/arch/arm/core/aarch32/cortex_m/libarch__arm__core__aarch32__cortex_m.a(reset.S.obj)
 .debug_info    0x000000000000d470      0x6b0 zephyr/arch/arch/arm/core/aarch32/cortex_m/libarch__arm__core__aarch32__cortex_m.a(thread_abort.c.obj)
 .debug_info    0x000000000000db20      0x717 zephyr/lib/libc/minimal/liblib__libc__minimal.a(string.c.obj)
 .debug_info    0x000000000000e237      0x750 zephyr/lib/libc/minimal/liblib__libc__minimal.a(stdout_console.c.obj)
 .debug_info    0x000000000000e987     0x23aa zephyr/drivers/interrupt_controller/libdrivers__interrupt_controller.a(intc_sam0_eic.c.obj)
 .debug_info    0x0000000000010d31      0x8d8 zephyr/drivers/console/libdrivers__console.a(uart_console.c.obj)
 .debug_info    0x0000000000011609     0x1a2e zephyr/drivers/gpio/libdrivers__gpio.a(gpio_sam0.c.obj)
 .debug_info    0x0000000000013037     0x2b07 zephyr/drivers/serial/libdrivers__serial.a(uart_sam0.c.obj)
 .debug_info    0x0000000000015b3e      0xae2 zephyr/drivers/timer/libdrivers__timer.a(cortex_m_systick.c.obj)
 .debug_info    0x0000000000016620      0x172 zephyr/drivers/pinctrl/libdrivers__pinctrl.a(common.c.obj)
 .debug_info    0x0000000000016792      0x85a zephyr/drivers/pinctrl/libdrivers__pinctrl.a(pinctrl_sam0.c.obj)
 .debug_info    0x0000000000016fec      0x6cf zephyr/kernel/libkernel.a(device.c.obj)
 .debug_info    0x00000000000176bb      0x62e zephyr/kernel/libkernel.a(errno.c.obj)
 .debug_info    0x0000000000017ce9     0x27b6 zephyr/kernel/libkernel.a(fatal.c.obj)
 .debug_info    0x000000000001a49f     0x13f4 zephyr/kernel/libkernel.a(init.c.obj)
 .debug_info    0x000000000001b893     0x2732 zephyr/kernel/libkernel.a(thread.c.obj)
 .debug_info    0x000000000001dfc5      0x21f zephyr/kernel/libkernel.a(idle.c.obj)
 .debug_info    0x000000000001e1e4     0x701e zephyr/kernel/libkernel.a(sched.c.obj)
 .debug_info    0x0000000000025202      0x139 zephyr/kernel/libkernel.a(xip.c.obj)
 .debug_info    0x000000000002533b     0x1bda zephyr/kernel/libkernel.a(timeout.c.obj)
 .debug_info    0x0000000000026f15       0xc5 zephyr/kernel/libkernel.a(banner.c.obj)
 .debug_info    0x0000000000026fda      0x1b7 zephyr/arch/common/libisr_tables.a(isr_tables.c.obj)

.debug_abbrev   0x0000000000000000     0x69ae
 *(SORT_BY_ALIGNMENT(.debug_abbrev))
 .debug_abbrev  0x0000000000000000       0x64 zephyr/CMakeFiles/zephyr_pre1.dir/dev_handles.c.obj
 .debug_abbrev  0x0000000000000064       0x62 zephyr/CMakeFiles/offsets.dir/./arch/arm/core/offsets/offsets.c.obj
 .debug_abbrev  0x00000000000000c6      0x1aa app/libapp.a(main.c.obj)
 .debug_abbrev  0x0000000000000270      0x4dd zephyr/libzephyr.a(cbprintf_packaged.c.obj)
 .debug_abbrev  0x000000000000074d      0x31f zephyr/libzephyr.a(printk.c.obj)
 .debug_abbrev  0x0000000000000a6c      0x23a zephyr/libzephyr.a(thread_entry.c.obj)
 .debug_abbrev  0x0000000000000ca6      0x3f8 zephyr/libzephyr.a(cbprintf_complete.c.obj)
 .debug_abbrev  0x000000000000109e       0x2e zephyr/libzephyr.a(configs.c.obj)
 .debug_abbrev  0x00000000000010cc      0x218 zephyr/libzephyr.a(soc_port.c.obj)
 .debug_abbrev  0x00000000000012e4      0x350 zephyr/libzephyr.a(soc_samd2x.c.obj)
 .debug_abbrev  0x0000000000001634       0x12 zephyr/arch/arch/arm/core/aarch32/libarch__arm__core__aarch32.a(cpu_idle.S.obj)
 .debug_abbrev  0x0000000000001646      0x2bb zephyr/arch/arch/arm/core/aarch32/libarch__arm__core__aarch32.a(fatal.c.obj)
 .debug_abbrev  0x0000000000001901      0x25c zephyr/arch/arch/arm/core/aarch32/libarch__arm__core__aarch32.a(irq_manage.c.obj)
 .debug_abbrev  0x0000000000001b5d       0x62 zephyr/arch/arch/arm/core/aarch32/libarch__arm__core__aarch32.a(nmi.c.obj)
 .debug_abbrev  0x0000000000001bbf       0x14 zephyr/arch/arch/arm/core/aarch32/libarch__arm__core__aarch32.a(nmi_on_reset.S.obj)
 .debug_abbrev  0x0000000000001bd3      0x14f zephyr/arch/arch/arm/core/aarch32/libarch__arm__core__aarch32.a(prep_c.c.obj)
 .debug_abbrev  0x0000000000001d22      0x1d9 zephyr/arch/arch/arm/core/aarch32/libarch__arm__core__aarch32.a(swap.c.obj)
 .debug_abbrev  0x0000000000001efb       0x12 zephyr/arch/arch/arm/core/aarch32/libarch__arm__core__aarch32.a(swap_helper.S.obj)
 .debug_abbrev  0x0000000000001f0d      0x207 zephyr/arch/arch/arm/core/aarch32/libarch__arm__core__aarch32.a(thread.c.obj)
 .debug_abbrev  0x0000000000002114       0x14 zephyr/arch/arch/arm/core/aarch32/libarch__arm__core__aarch32.a(isr_wrapper.S.obj)
 .debug_abbrev  0x0000000000002128       0x14 zephyr/arch/arch/arm/core/aarch32/cortex_m/libarch__arm__core__aarch32__cortex_m.a(exc_exit.S.obj)
 .debug_abbrev  0x000000000000213c      0x38f zephyr/arch/arch/arm/core/aarch32/cortex_m/libarch__arm__core__aarch32__cortex_m.a(fault.c.obj)
 .debug_abbrev  0x00000000000024cb       0x14 zephyr/arch/arch/arm/core/aarch32/cortex_m/libarch__arm__core__aarch32__cortex_m.a(fault_s.S.obj)
 .debug_abbrev  0x00000000000024df      0x161 zephyr/arch/arch/arm/core/aarch32/cortex_m/libarch__arm__core__aarch32__cortex_m.a(irq_init.c.obj)
 .debug_abbrev  0x0000000000002640       0x14 zephyr/arch/arch/arm/core/aarch32/cortex_m/libarch__arm__core__aarch32__cortex_m.a(reset.S.obj)
 .debug_abbrev  0x0000000000002654      0x224 zephyr/arch/arch/arm/core/aarch32/cortex_m/libarch__arm__core__aarch32__cortex_m.a(thread_abort.c.obj)
 .debug_abbrev  0x0000000000002878      0x182 zephyr/lib/libc/minimal/liblib__libc__minimal.a(string.c.obj)
 .debug_abbrev  0x00000000000029fa      0x2b7 zephyr/lib/libc/minimal/liblib__libc__minimal.a(stdout_console.c.obj)
 .debug_abbrev  0x0000000000002cb1      0x542 zephyr/drivers/interrupt_controller/libdrivers__interrupt_controller.a(intc_sam0_eic.c.obj)
 .debug_abbrev  0x00000000000031f3      0x392 zephyr/drivers/console/libdrivers__console.a(uart_console.c.obj)
 .debug_abbrev  0x0000000000003585      0x508 zephyr/drivers/gpio/libdrivers__gpio.a(gpio_sam0.c.obj)
 .debug_abbrev  0x0000000000003a8d      0x4c0 zephyr/drivers/serial/libdrivers__serial.a(uart_sam0.c.obj)
 .debug_abbrev  0x0000000000003f4d      0x3fa zephyr/drivers/timer/libdrivers__timer.a(cortex_m_systick.c.obj)
 .debug_abbrev  0x0000000000004347       0xd0 zephyr/drivers/pinctrl/libdrivers__pinctrl.a(common.c.obj)
 .debug_abbrev  0x0000000000004417      0x25d zephyr/drivers/pinctrl/libdrivers__pinctrl.a(pinctrl_sam0.c.obj)
 .debug_abbrev  0x0000000000004674      0x2c6 zephyr/kernel/libkernel.a(device.c.obj)
 .debug_abbrev  0x000000000000493a      0x191 zephyr/kernel/libkernel.a(errno.c.obj)
 .debug_abbrev  0x0000000000004acb      0x416 zephyr/kernel/libkernel.a(fatal.c.obj)
 .debug_abbrev  0x0000000000004ee1      0x5a9 zephyr/kernel/libkernel.a(init.c.obj)
 .debug_abbrev  0x000000000000548a      0x5ae zephyr/kernel/libkernel.a(thread.c.obj)
 .debug_abbrev  0x0000000000005a38      0x156 zephyr/kernel/libkernel.a(idle.c.obj)
 .debug_abbrev  0x0000000000005b8e      0x6c4 zephyr/kernel/libkernel.a(sched.c.obj)
 .debug_abbrev  0x0000000000006252       0xc3 zephyr/kernel/libkernel.a(xip.c.obj)
 .debug_abbrev  0x0000000000006315      0x4f3 zephyr/kernel/libkernel.a(timeout.c.obj)
 .debug_abbrev  0x0000000000006808       0x8c zephyr/kernel/libkernel.a(banner.c.obj)
 .debug_abbrev  0x0000000000006894      0x11a zephyr/arch/common/libisr_tables.a(isr_tables.c.obj)

.debug_line     0x0000000000000000     0xebd1
 *(SORT_BY_ALIGNMENT(.debug_line) SORT_BY_ALIGNMENT(.debug_line.*) SORT_BY_ALIGNMENT(.debug_line_end))
 .debug_line    0x0000000000000000       0xe9 zephyr/CMakeFiles/zephyr_pre1.dir/dev_handles.c.obj
 .debug_line    0x00000000000000e9      0x153 zephyr/CMakeFiles/offsets.dir/./arch/arm/core/offsets/offsets.c.obj
 .debug_line    0x000000000000023c      0x1f7 app/libapp.a(main.c.obj)
 .debug_line    0x0000000000000433     0x1075 zephyr/libzephyr.a(cbprintf_packaged.c.obj)
 .debug_line    0x00000000000014a8      0x44e zephyr/libzephyr.a(printk.c.obj)
 .debug_line    0x00000000000018f6      0x306 zephyr/libzephyr.a(thread_entry.c.obj)
 .debug_line    0x0000000000001bfc      0xca2 zephyr/libzephyr.a(cbprintf_complete.c.obj)
 .debug_line    0x000000000000289e      0x170 zephyr/libzephyr.a(configs.c.obj)
 .debug_line    0x0000000000002a0e      0x2d4 zephyr/libzephyr.a(soc_port.c.obj)
 .debug_line    0x0000000000002ce2      0x480 zephyr/libzephyr.a(soc_samd2x.c.obj)
 .debug_line    0x0000000000003162       0xa3 zephyr/arch/arch/arm/core/aarch32/libarch__arm__core__aarch32.a(cpu_idle.S.obj)
 .debug_line    0x0000000000003205      0x2f4 zephyr/arch/arch/arm/core/aarch32/libarch__arm__core__aarch32.a(fatal.c.obj)
 .debug_line    0x00000000000034f9      0x395 zephyr/arch/arch/arm/core/aarch32/libarch__arm__core__aarch32.a(irq_manage.c.obj)
 .debug_line    0x000000000000388e       0xcf zephyr/arch/arch/arm/core/aarch32/libarch__arm__core__aarch32.a(nmi.c.obj)
 .debug_line    0x000000000000395d       0x77 zephyr/arch/arch/arm/core/aarch32/libarch__arm__core__aarch32.a(nmi_on_reset.S.obj)
 .debug_line    0x00000000000039d4      0x238 zephyr/arch/arch/arm/core/aarch32/libarch__arm__core__aarch32.a(prep_c.c.obj)
 .debug_line    0x0000000000003c0c      0x350 zephyr/arch/arch/arm/core/aarch32/libarch__arm__core__aarch32.a(swap.c.obj)
 .debug_line    0x0000000000003f5c       0xe0 zephyr/arch/arch/arm/core/aarch32/libarch__arm__core__aarch32.a(swap_helper.S.obj)
 .debug_line    0x000000000000403c      0x383 zephyr/arch/arch/arm/core/aarch32/libarch__arm__core__aarch32.a(thread.c.obj)
 .debug_line    0x00000000000043bf       0x94 zephyr/arch/arch/arm/core/aarch32/libarch__arm__core__aarch32.a(isr_wrapper.S.obj)
 .debug_line    0x0000000000004453       0x8b zephyr/arch/arch/arm/core/aarch32/cortex_m/libarch__arm__core__aarch32__cortex_m.a(exc_exit.S.obj)
 .debug_line    0x00000000000044de      0x453 zephyr/arch/arch/arm/core/aarch32/cortex_m/libarch__arm__core__aarch32__cortex_m.a(fault.c.obj)
 .debug_line    0x0000000000004931       0x84 zephyr/arch/arch/arm/core/aarch32/cortex_m/libarch__arm__core__aarch32__cortex_m.a(fault_s.S.obj)
 .debug_line    0x00000000000049b5      0x21f zephyr/arch/arch/arm/core/aarch32/cortex_m/libarch__arm__core__aarch32__cortex_m.a(irq_init.c.obj)
 .debug_line    0x0000000000004bd4       0x89 zephyr/arch/arch/arm/core/aarch32/cortex_m/libarch__arm__core__aarch32__cortex_m.a(reset.S.obj)
 .debug_line    0x0000000000004c5d      0x3ef zephyr/arch/arch/arm/core/aarch32/cortex_m/libarch__arm__core__aarch32__cortex_m.a(thread_abort.c.obj)
 .debug_line    0x000000000000504c      0x5bf zephyr/lib/libc/minimal/liblib__libc__minimal.a(string.c.obj)
 .debug_line    0x000000000000560b      0x3df zephyr/lib/libc/minimal/liblib__libc__minimal.a(stdout_console.c.obj)
 .debug_line    0x00000000000059ea      0x8fb zephyr/drivers/interrupt_controller/libdrivers__interrupt_controller.a(intc_sam0_eic.c.obj)
 .debug_line    0x00000000000062e5      0x320 zephyr/drivers/console/libdrivers__console.a(uart_console.c.obj)
 .debug_line    0x0000000000006605      0x898 zephyr/drivers/gpio/libdrivers__gpio.a(gpio_sam0.c.obj)
 .debug_line    0x0000000000006e9d      0xa72 zephyr/drivers/serial/libdrivers__serial.a(uart_sam0.c.obj)
 .debug_line    0x000000000000790f      0x78f zephyr/drivers/timer/libdrivers__timer.a(cortex_m_systick.c.obj)
 .debug_line    0x000000000000809e      0x193 zephyr/drivers/pinctrl/libdrivers__pinctrl.a(common.c.obj)
 .debug_line    0x0000000000008231      0x30b zephyr/drivers/pinctrl/libdrivers__pinctrl.a(pinctrl_sam0.c.obj)
 .debug_line    0x000000000000853c      0x4ac zephyr/kernel/libkernel.a(device.c.obj)
 .debug_line    0x00000000000089e8      0x315 zephyr/kernel/libkernel.a(errno.c.obj)
 .debug_line    0x0000000000008cfd      0x57c zephyr/kernel/libkernel.a(fatal.c.obj)
 .debug_line    0x0000000000009279      0x8d5 zephyr/kernel/libkernel.a(init.c.obj)
 .debug_line    0x0000000000009b4e      0xb7f zephyr/kernel/libkernel.a(thread.c.obj)
 .debug_line    0x000000000000a6cd      0x277 zephyr/kernel/libkernel.a(idle.c.obj)
 .debug_line    0x000000000000a944     0x3022 zephyr/kernel/libkernel.a(sched.c.obj)
 .debug_line    0x000000000000d966      0x1b8 zephyr/kernel/libkernel.a(xip.c.obj)
 .debug_line    0x000000000000db1e      0xf0f zephyr/kernel/libkernel.a(timeout.c.obj)
 .debug_line    0x000000000000ea2d       0xb1 zephyr/kernel/libkernel.a(banner.c.obj)
 .debug_line    0x000000000000eade       0xf3 zephyr/arch/common/libisr_tables.a(isr_tables.c.obj)

.debug_frame    0x0000000000000000     0x1994
 *(SORT_BY_ALIGNMENT(.debug_frame))
 .debug_frame   0x0000000000000000       0x20 zephyr/CMakeFiles/offsets.dir/./arch/arm/core/offsets/offsets.c.obj
 .debug_frame   0x0000000000000020       0x28 app/libapp.a(main.c.obj)
 .debug_frame   0x0000000000000048       0xac zephyr/libzephyr.a(cbprintf_packaged.c.obj)
 .debug_frame   0x00000000000000f4      0x108 zephyr/libzephyr.a(printk.c.obj)
 .debug_frame   0x00000000000001fc       0x28 zephyr/libzephyr.a(thread_entry.c.obj)
 .debug_frame   0x0000000000000224       0x74 zephyr/libzephyr.a(cbprintf_complete.c.obj)
 .debug_frame   0x0000000000000298       0x20 zephyr/libzephyr.a(configs.c.obj)
 .debug_frame   0x00000000000002b8       0x68 zephyr/libzephyr.a(soc_port.c.obj)
 .debug_frame   0x0000000000000320       0x3c zephyr/libzephyr.a(soc_samd2x.c.obj)
 .debug_frame   0x000000000000035c       0x5c zephyr/arch/arch/arm/core/aarch32/libarch__arm__core__aarch32.a(fatal.c.obj)
 .debug_frame   0x00000000000003b8       0x74 zephyr/arch/arch/arm/core/aarch32/libarch__arm__core__aarch32.a(irq_manage.c.obj)
 .debug_frame   0x000000000000042c       0x28 zephyr/arch/arch/arm/core/aarch32/libarch__arm__core__aarch32.a(nmi.c.obj)
 .debug_frame   0x0000000000000454       0x28 zephyr/arch/arch/arm/core/aarch32/libarch__arm__core__aarch32.a(prep_c.c.obj)
 .debug_frame   0x000000000000047c       0x20 zephyr/arch/arch/arm/core/aarch32/libarch__arm__core__aarch32.a(swap.c.obj)
 .debug_frame   0x000000000000049c       0x38 zephyr/arch/arch/arm/core/aarch32/libarch__arm__core__aarch32.a(thread.c.obj)
 .debug_frame   0x00000000000004d4       0x40 zephyr/arch/arch/arm/core/aarch32/cortex_m/libarch__arm__core__aarch32__cortex_m.a(fault.c.obj)
 .debug_frame   0x0000000000000514       0x30 zephyr/arch/arch/arm/core/aarch32/cortex_m/libarch__arm__core__aarch32__cortex_m.a(irq_init.c.obj)
 .debug_frame   0x0000000000000544       0x28 zephyr/arch/arch/arm/core/aarch32/cortex_m/libarch__arm__core__aarch32__cortex_m.a(thread_abort.c.obj)
 .debug_frame   0x000000000000056c      0x16c zephyr/lib/libc/minimal/liblib__libc__minimal.a(string.c.obj)
 .debug_frame   0x00000000000006d8       0xd0 zephyr/lib/libc/minimal/liblib__libc__minimal.a(stdout_console.c.obj)
 .debug_frame   0x00000000000007a8      0x108 zephyr/drivers/interrupt_controller/libdrivers__interrupt_controller.a(intc_sam0_eic.c.obj)
 .debug_frame   0x00000000000008b0       0x54 zephyr/drivers/console/libdrivers__console.a(uart_console.c.obj)
 .debug_frame   0x0000000000000904       0xfc zephyr/drivers/gpio/libdrivers__gpio.a(gpio_sam0.c.obj)
 .debug_frame   0x0000000000000a00      0x1e0 zephyr/drivers/serial/libdrivers__serial.a(uart_sam0.c.obj)
 .debug_frame   0x0000000000000be0       0xc8 zephyr/drivers/timer/libdrivers__timer.a(cortex_m_systick.c.obj)
 .debug_frame   0x0000000000000ca8       0x2c zephyr/drivers/pinctrl/libdrivers__pinctrl.a(common.c.obj)
 .debug_frame   0x0000000000000cd4       0x30 zephyr/drivers/pinctrl/libdrivers__pinctrl.a(pinctrl_sam0.c.obj)
 .debug_frame   0x0000000000000d04       0xb8 zephyr/kernel/libkernel.a(device.c.obj)
 .debug_frame   0x0000000000000dbc       0x20 zephyr/kernel/libkernel.a(errno.c.obj)
 .debug_frame   0x0000000000000ddc       0xc0 zephyr/kernel/libkernel.a(fatal.c.obj)
 .debug_frame   0x0000000000000e9c       0xd8 zephyr/kernel/libkernel.a(init.c.obj)
 .debug_frame   0x0000000000000f74      0x1b4 zephyr/kernel/libkernel.a(thread.c.obj)
 .debug_frame   0x0000000000001128       0x40 zephyr/kernel/libkernel.a(idle.c.obj)
 .debug_frame   0x0000000000001168      0x598 zephyr/kernel/libkernel.a(sched.c.obj)
 .debug_frame   0x0000000000001700       0x28 zephyr/kernel/libkernel.a(xip.c.obj)
 .debug_frame   0x0000000000001728      0x1c0 zephyr/kernel/libkernel.a(timeout.c.obj)
 .debug_frame   0x00000000000018e8       0x28 zephyr/kernel/libkernel.a(banner.c.obj)
 .debug_frame   0x0000000000001910       0x20 /home/ruben/zephyr-sdk-0.15.2/arm-zephyr-eabi/bin/../lib/gcc/arm-zephyr-eabi/12.1.0/thumb/v6-m/nofp/libgcc.a(_udivsi3.o)
 .debug_frame   0x0000000000001930       0x34 /home/ruben/zephyr-sdk-0.15.2/arm-zephyr-eabi/bin/../lib/gcc/arm-zephyr-eabi/12.1.0/thumb/v6-m/nofp/libgcc.a(_muldi3.o)
 .debug_frame   0x0000000000001964       0x30 /home/ruben/zephyr-sdk-0.15.2/arm-zephyr-eabi/bin/../lib/gcc/arm-zephyr-eabi/12.1.0/thumb/v6-m/nofp/libgcc.a(_udivmoddi4.o)

.debug_str      0x0000000000000000     0x5d02
 *(SORT_BY_ALIGNMENT(.debug_str))
 .debug_str     0x0000000000000000      0x2b3 zephyr/CMakeFiles/zephyr_pre1.dir/dev_handles.c.obj
                                        0x2f4 (size before relaxing)
 .debug_str     0x00000000000002b3      0x112 zephyr/CMakeFiles/offsets.dir/./arch/arm/core/offsets/offsets.c.obj
                                        0x31e (size before relaxing)
 .debug_str     0x00000000000003c5       0xe4 app/libapp.a(main.c.obj)
                                        0x322 (size before relaxing)
 .debug_str     0x00000000000004a9      0x749 zephyr/libzephyr.a(cbprintf_packaged.c.obj)
                                        0xa46 (size before relaxing)
 .debug_str     0x0000000000000bf2      0x290 zephyr/libzephyr.a(printk.c.obj)
                                        0x5ac (size before relaxing)
 .debug_str     0x0000000000000e82      0x1eb zephyr/libzephyr.a(thread_entry.c.obj)
                                        0x4bb (size before relaxing)
 .debug_str     0x000000000000106d      0x36d zephyr/libzephyr.a(cbprintf_complete.c.obj)
                                        0x63c (size before relaxing)
 .debug_str     0x00000000000013da       0x61 zephyr/libzephyr.a(configs.c.obj)
                                        0x1d2 (size before relaxing)
 .debug_str     0x000000000000143b      0x21c zephyr/libzephyr.a(soc_port.c.obj)
                                        0x45f (size before relaxing)
 .debug_str     0x0000000000001657      0x920 zephyr/libzephyr.a(soc_samd2x.c.obj)
                                        0xe0c (size before relaxing)
 .debug_str     0x0000000000001f77       0x4e zephyr/arch/arch/arm/core/aarch32/libarch__arm__core__aarch32.a(cpu_idle.S.obj)
                                         0x80 (size before relaxing)
 .debug_str     0x0000000000001fc5       0xee zephyr/arch/arch/arm/core/aarch32/libarch__arm__core__aarch32.a(fatal.c.obj)
                                        0x7c0 (size before relaxing)
 .debug_str     0x00000000000020b3      0x2e2 zephyr/arch/arch/arm/core/aarch32/libarch__arm__core__aarch32.a(irq_manage.c.obj)
                                        0x5d9 (size before relaxing)
 .debug_str     0x0000000000002395       0x66 zephyr/arch/arch/arm/core/aarch32/libarch__arm__core__aarch32.a(nmi.c.obj)
                                        0x272 (size before relaxing)
 .debug_str     0x00000000000023fb       0x46 zephyr/arch/arch/arm/core/aarch32/libarch__arm__core__aarch32.a(nmi_on_reset.S.obj)
                                         0x84 (size before relaxing)
 .debug_str     0x0000000000002441       0xa6 zephyr/arch/arch/arm/core/aarch32/libarch__arm__core__aarch32.a(prep_c.c.obj)
                                        0x300 (size before relaxing)
 .debug_str     0x00000000000024e7       0x8b zephyr/arch/arch/arm/core/aarch32/libarch__arm__core__aarch32.a(swap.c.obj)
                                        0x500 (size before relaxing)
 .debug_str     0x0000000000002572       0x45 zephyr/arch/arch/arm/core/aarch32/libarch__arm__core__aarch32.a(swap_helper.S.obj)
                                         0x83 (size before relaxing)
 .debug_str     0x00000000000025b7       0xc1 zephyr/arch/arch/arm/core/aarch32/libarch__arm__core__aarch32.a(thread.c.obj)
                                        0x586 (size before relaxing)
 .debug_str     0x0000000000002678       0x45 zephyr/arch/arch/arm/core/aarch32/libarch__arm__core__aarch32.a(isr_wrapper.S.obj)
                                         0x83 (size before relaxing)
 .debug_str     0x00000000000026bd       0x4b zephyr/arch/arch/arm/core/aarch32/cortex_m/libarch__arm__core__aarch32__cortex_m.a(exc_exit.S.obj)
                                         0x89 (size before relaxing)
 .debug_str     0x0000000000002708      0x132 zephyr/arch/arch/arm/core/aarch32/cortex_m/libarch__arm__core__aarch32__cortex_m.a(fault.c.obj)
                                        0x8a4 (size before relaxing)
 .debug_str     0x000000000000283a       0x4a zephyr/arch/arch/arm/core/aarch32/cortex_m/libarch__arm__core__aarch32__cortex_m.a(fault_s.S.obj)
                                         0x88 (size before relaxing)
 .debug_str     0x0000000000002884       0x4b zephyr/arch/arch/arm/core/aarch32/cortex_m/libarch__arm__core__aarch32__cortex_m.a(irq_init.c.obj)
                                        0x497 (size before relaxing)
 .debug_str     0x00000000000028cf       0x48 zephyr/arch/arch/arm/core/aarch32/cortex_m/libarch__arm__core__aarch32__cortex_m.a(reset.S.obj)
                                         0x86 (size before relaxing)
 .debug_str     0x0000000000002917       0x7f zephyr/arch/arch/arm/core/aarch32/cortex_m/libarch__arm__core__aarch32__cortex_m.a(thread_abort.c.obj)